Archive member included to satisfy reference by file (symbol)

.build/obj_sofle_rev1_nghiango1/i2c_master.a(i2c_master.o)
                              .build/obj_sofle_rev1_nghiango1/oled_driver.o (symbol from plugin) (i2c_init)
.build/obj_sofle_rev1_nghiango1/serial.a(serial.o)
                              .build/obj_sofle_rev1_nghiango1/quantum/split_common/transport.o (symbol from plugin) (soft_serial_initiator_init)
/nix/store/sb9f7jzs484gsvkq3dfjsw9wfb5lvkxk-avr-gcc-8.5.0/lib/gcc/avr/8.5.0/avr5/libgcc.a(_udivmodhi4.o)
                              .build/obj_sofle_rev1_nghiango1/i2c_master.a(i2c_master.o) (__udivmodhi4)
/nix/store/sb9f7jzs484gsvkq3dfjsw9wfb5lvkxk-avr-gcc-8.5.0/lib/gcc/avr/8.5.0/avr5/libgcc.a(_exit.o)
                              /nix/store/8sb66a4vaf094pmp0fd94h9hvcfljzs3-avr-libc-avr-2.1.0/avr/lib/avr5/crtatmega32u4.o (exit)
/nix/store/sb9f7jzs484gsvkq3dfjsw9wfb5lvkxk-avr-gcc-8.5.0/lib/gcc/avr/8.5.0/avr5/libgcc.a(_prologue.o)
                              .build/obj_sofle_rev1_nghiango1/i2c_master.a(i2c_master.o) (__prologue_saves__)
/nix/store/sb9f7jzs484gsvkq3dfjsw9wfb5lvkxk-avr-gcc-8.5.0/lib/gcc/avr/8.5.0/avr5/libgcc.a(_epilogue.o)
                              .build/obj_sofle_rev1_nghiango1/i2c_master.a(i2c_master.o) (__epilogue_restores__)
/nix/store/8sb66a4vaf094pmp0fd94h9hvcfljzs3-avr-libc-avr-2.1.0/avr/lib/avr5/libc.a(memcpy_P.o)
                              .build/obj_sofle_rev1_nghiango1/oled_driver.o (symbol from plugin) (memcpy_P)
/nix/store/8sb66a4vaf094pmp0fd94h9hvcfljzs3-avr-libc-avr-2.1.0/avr/lib/avr5/libatmega32u4.a(eerd_block.o)
                              .build/obj_sofle_rev1_nghiango1/quantum/rgb_matrix/rgb_matrix.o (symbol from plugin) (eeprom_read_block)
/nix/store/8sb66a4vaf094pmp0fd94h9hvcfljzs3-avr-libc-avr-2.1.0/avr/lib/avr5/libatmega32u4.a(eerd_byte.o)
                              .build/obj_sofle_rev1_nghiango1/quantum/eeconfig.o (symbol from plugin) (eeprom_read_byte)
/nix/store/8sb66a4vaf094pmp0fd94h9hvcfljzs3-avr-libc-avr-2.1.0/avr/lib/avr5/libatmega32u4.a(eerd_dword.o)
                              .build/obj_sofle_rev1_nghiango1/quantum/eeconfig.o (symbol from plugin) (eeprom_read_dword)
/nix/store/8sb66a4vaf094pmp0fd94h9hvcfljzs3-avr-libc-avr-2.1.0/avr/lib/avr5/libatmega32u4.a(eerd_word.o)
                              .build/obj_sofle_rev1_nghiango1/quantum/eeconfig.o (symbol from plugin) (eeprom_read_word)
/nix/store/8sb66a4vaf094pmp0fd94h9hvcfljzs3-avr-libc-avr-2.1.0/avr/lib/avr5/libatmega32u4.a(eeupd_block.o)
                              .build/obj_sofle_rev1_nghiango1/quantum/eeconfig.o (symbol from plugin) (eeprom_update_block)
/nix/store/8sb66a4vaf094pmp0fd94h9hvcfljzs3-avr-libc-avr-2.1.0/avr/lib/avr5/libatmega32u4.a(eeupd_byte.o)
                              .build/obj_sofle_rev1_nghiango1/quantum/eeconfig.o (symbol from plugin) (eeprom_update_byte)
/nix/store/8sb66a4vaf094pmp0fd94h9hvcfljzs3-avr-libc-avr-2.1.0/avr/lib/avr5/libatmega32u4.a(eeupd_dword.o)
                              .build/obj_sofle_rev1_nghiango1/quantum/eeconfig.o (symbol from plugin) (eeprom_update_dword)
/nix/store/8sb66a4vaf094pmp0fd94h9hvcfljzs3-avr-libc-avr-2.1.0/avr/lib/avr5/libatmega32u4.a(eeupd_word.o)
                              .build/obj_sofle_rev1_nghiango1/quantum/eeconfig.o (symbol from plugin) (eeprom_update_word)
/nix/store/sb9f7jzs484gsvkq3dfjsw9wfb5lvkxk-avr-gcc-8.5.0/lib/gcc/avr/8.5.0/avr5/libgcc.a(_udivmodqi4.o)
                              /run/user/1000/ccfGnbO9.ltrans0.ltrans.o (__udivmodqi4)
/nix/store/sb9f7jzs484gsvkq3dfjsw9wfb5lvkxk-avr-gcc-8.5.0/lib/gcc/avr/8.5.0/avr5/libgcc.a(_divmodhi4.o)
                              /run/user/1000/ccfGnbO9.ltrans0.ltrans.o (__divmodhi4)
/nix/store/sb9f7jzs484gsvkq3dfjsw9wfb5lvkxk-avr-gcc-8.5.0/lib/gcc/avr/8.5.0/avr5/libgcc.a(_tablejump2.o)
                              /run/user/1000/ccfGnbO9.ltrans0.ltrans.o (__tablejump2__)
/nix/store/sb9f7jzs484gsvkq3dfjsw9wfb5lvkxk-avr-gcc-8.5.0/lib/gcc/avr/8.5.0/avr5/libgcc.a(_copy_data.o)
                              /run/user/1000/ccfGnbO9.ltrans0.ltrans.o (__do_copy_data)
/nix/store/sb9f7jzs484gsvkq3dfjsw9wfb5lvkxk-avr-gcc-8.5.0/lib/gcc/avr/8.5.0/avr5/libgcc.a(_clear_bss.o)
                              /run/user/1000/ccfGnbO9.ltrans0.ltrans.o (__do_clear_bss)
/nix/store/sb9f7jzs484gsvkq3dfjsw9wfb5lvkxk-avr-gcc-8.5.0/lib/gcc/avr/8.5.0/avr5/libgcc.a(_bswapsi2.o)
                              /run/user/1000/ccfGnbO9.ltrans0.ltrans.o (__bswapsi2)
/nix/store/8sb66a4vaf094pmp0fd94h9hvcfljzs3-avr-libc-avr-2.1.0/avr/lib/avr5/libc.a(memcmp.o)
                              /run/user/1000/ccfGnbO9.ltrans0.ltrans.o (memcmp)
/nix/store/8sb66a4vaf094pmp0fd94h9hvcfljzs3-avr-libc-avr-2.1.0/avr/lib/avr5/libc.a(memcpy.o)
                              /run/user/1000/ccfGnbO9.ltrans0.ltrans.o (memcpy)

Allocating common symbols
Common symbol       size              file

[...]
Memory Configuration

Name             Origin             Length             Attributes
text             0x00000000         0x00020000         xr
data             0x00800060         0x0000ffa0         rw!x
eeprom           0x00810000         0x00010000         rw!x
fuse             0x00820000         0x00000003         rw!x
lock             0x00830000         0x00000400         rw!x
signature        0x00840000         0x00000400         rw!x
user_signatures  0x00850000         0x00000400         rw!x
*default*        0x00000000         0xffffffff

Linker script and memory map

Address of section .data set to 0x800100
LOAD /nix/store/8sb66a4vaf094pmp0fd94h9hvcfljzs3-avr-libc-avr-2.1.0/avr/lib/avr5/crtatmega32u4.o
LOAD .build/obj_sofle_rev1_nghiango1/keyboards/sofle/sofle.o
LOAD /run/user/1000/cc64hmvIdebugobj
LOAD /run/user/1000/ccfGnbO9.ltrans0.ltrans.o
LOAD .build/obj_sofle_rev1_nghiango1/.build/obj_sofle_rev1_nghiango1/src/default_keyboard.o
LOAD .build/obj_sofle_rev1_nghiango1/quantum/keymap_introspection.o
LOAD .build/obj_sofle_rev1_nghiango1/quantum/quantum.o
LOAD .build/obj_sofle_rev1_nghiango1/quantum/bitwise.o
LOAD .build/obj_sofle_rev1_nghiango1/quantum/led.o
LOAD .build/obj_sofle_rev1_nghiango1/quantum/action.o
LOAD .build/obj_sofle_rev1_nghiango1/quantum/action_layer.o
LOAD .build/obj_sofle_rev1_nghiango1/quantum/action_tapping.o
LOAD .build/obj_sofle_rev1_nghiango1/quantum/action_util.o
LOAD .build/obj_sofle_rev1_nghiango1/quantum/eeconfig.o
LOAD .build/obj_sofle_rev1_nghiango1/quantum/keyboard.o
LOAD .build/obj_sofle_rev1_nghiango1/quantum/keymap_common.o
LOAD .build/obj_sofle_rev1_nghiango1/quantum/keycode_config.o
LOAD .build/obj_sofle_rev1_nghiango1/quantum/sync_timer.o
LOAD .build/obj_sofle_rev1_nghiango1/quantum/logging/debug.o
LOAD .build/obj_sofle_rev1_nghiango1/quantum/logging/sendchar.o
LOAD .build/obj_sofle_rev1_nghiango1/quantum/matrix_common.o
LOAD .build/obj_sofle_rev1_nghiango1/quantum/matrix.o
LOAD .build/obj_sofle_rev1_nghiango1/quantum/debounce/sym_defer_g.o
LOAD .build/obj_sofle_rev1_nghiango1/quantum/split_common/split_util.o
LOAD .build/obj_sofle_rev1_nghiango1/quantum/split_common/transport.o
LOAD .build/obj_sofle_rev1_nghiango1/quantum/split_common/transactions.o
LOAD .build/obj_sofle_rev1_nghiango1/quantum/main.o
LOAD .build/obj_sofle_rev1_nghiango1/platforms/avr/xprintf.o
LOAD .build/obj_sofle_rev1_nghiango1/platforms/avr/printf.o
LOAD .build/obj_sofle_rev1_nghiango1/quantum/color.o
LOAD .build/obj_sofle_rev1_nghiango1/quantum/rgb_matrix/rgb_matrix.o
LOAD .build/obj_sofle_rev1_nghiango1/quantum/rgb_matrix/rgb_matrix_drivers.o
LOAD .build/obj_sofle_rev1_nghiango1/quantum/process_keycode/process_rgb.o
LOAD .build/obj_sofle_rev1_nghiango1/quantum/led_tables.o
LOAD .build/obj_sofle_rev1_nghiango1/lib/lib8tion/lib8tion.o
LOAD .build/obj_sofle_rev1_nghiango1/oled_driver.o
LOAD .build/obj_sofle_rev1_nghiango1/quantum/encoder.o
LOAD .build/obj_sofle_rev1_nghiango1/encoder_quadrature.o
LOAD .build/obj_sofle_rev1_nghiango1/ws2812_bitbang.o
LOAD .build/obj_sofle_rev1_nghiango1/quantum/bootmagic/bootmagic.o
LOAD .build/obj_sofle_rev1_nghiango1/quantum/crc.o
LOAD .build/obj_sofle_rev1_nghiango1/quantum/dynamic_keymap.o
LOAD .build/obj_sofle_rev1_nghiango1/quantum/process_keycode/process_grave_esc.o
LOAD .build/obj_sofle_rev1_nghiango1/quantum/process_keycode/process_magic.o
LOAD .build/obj_sofle_rev1_nghiango1/quantum/mousekey.o
LOAD .build/obj_sofle_rev1_nghiango1/quantum/send_string/send_string.o
LOAD .build/obj_sofle_rev1_nghiango1/quantum/process_keycode/process_space_cadet.o
LOAD .build/obj_sofle_rev1_nghiango1/quantum/process_keycode/process_tri_layer.o
LOAD .build/obj_sofle_rev1_nghiango1/quantum/tri_layer.o
LOAD .build/obj_sofle_rev1_nghiango1/quantum/via.o
LOAD .build/obj_sofle_rev1_nghiango1/protocol/host.o
LOAD .build/obj_sofle_rev1_nghiango1/protocol/report.o
LOAD .build/obj_sofle_rev1_nghiango1/protocol/usb_device_state.o
LOAD .build/obj_sofle_rev1_nghiango1/protocol/usb_util.o
LOAD .build/obj_sofle_rev1_nghiango1/platforms/suspend.o
LOAD .build/obj_sofle_rev1_nghiango1/platforms/synchronization_util.o
LOAD .build/obj_sofle_rev1_nghiango1/platforms/timer.o
LOAD .build/obj_sofle_rev1_nghiango1/platforms/avr/hardware_id.o
LOAD .build/obj_sofle_rev1_nghiango1/platforms/avr/platform.o
LOAD .build/obj_sofle_rev1_nghiango1/platforms/avr/suspend.o
LOAD .build/obj_sofle_rev1_nghiango1/platforms/avr/timer.o
LOAD .build/obj_sofle_rev1_nghiango1/platforms/avr/bootloaders/caterina.o
LOAD .build/obj_sofle_rev1_nghiango1/i2c_master.a
LOAD .build/obj_sofle_rev1_nghiango1/i2c_slave.a
LOAD .build/obj_sofle_rev1_nghiango1/serial.a
LOAD .build/obj_sofle_rev1_nghiango1/lufa.o
LOAD .build/obj_sofle_rev1_nghiango1/usb_descriptor.o
LOAD .build/obj_sofle_rev1_nghiango1/lib/lufa/LUFA/Drivers/USB/Class/Common/HIDParser.o
LOAD .build/obj_sofle_rev1_nghiango1/lib/lufa/LUFA/Drivers/USB/Core/AVR8/Device_AVR8.o
LOAD .build/obj_sofle_rev1_nghiango1/lib/lufa/LUFA/Drivers/USB/Core/AVR8/EndpointStream_AVR8.o
LOAD .build/obj_sofle_rev1_nghiango1/lib/lufa/LUFA/Drivers/USB/Core/AVR8/Endpoint_AVR8.o
LOAD .build/obj_sofle_rev1_nghiango1/lib/lufa/LUFA/Drivers/USB/Core/AVR8/Host_AVR8.o
LOAD .build/obj_sofle_rev1_nghiango1/lib/lufa/LUFA/Drivers/USB/Core/AVR8/PipeStream_AVR8.o
LOAD .build/obj_sofle_rev1_nghiango1/lib/lufa/LUFA/Drivers/USB/Core/AVR8/Pipe_AVR8.o
LOAD .build/obj_sofle_rev1_nghiango1/lib/lufa/LUFA/Drivers/USB/Core/AVR8/USBController_AVR8.o
LOAD .build/obj_sofle_rev1_nghiango1/lib/lufa/LUFA/Drivers/USB/Core/AVR8/USBInterrupt_AVR8.o
LOAD .build/obj_sofle_rev1_nghiango1/lib/lufa/LUFA/Drivers/USB/Core/ConfigDescriptors.o
LOAD .build/obj_sofle_rev1_nghiango1/lib/lufa/LUFA/Drivers/USB/Core/DeviceStandardReq.o
LOAD .build/obj_sofle_rev1_nghiango1/lib/lufa/LUFA/Drivers/USB/Core/Events.o
LOAD .build/obj_sofle_rev1_nghiango1/lib/lufa/LUFA/Drivers/USB/Core/HostStandardReq.o
LOAD .build/obj_sofle_rev1_nghiango1/lib/lufa/LUFA/Drivers/USB/Core/USBTask.o
LOAD .build/obj_sofle_rev1_nghiango1/protocol/lufa/usb_util.o
LOAD /nix/store/8sb66a4vaf094pmp0fd94h9hvcfljzs3-avr-libc-avr-2.1.0/avr/lib/avr5/libm.a
START GROUP
LOAD /nix/store/sb9f7jzs484gsvkq3dfjsw9wfb5lvkxk-avr-gcc-8.5.0/lib/gcc/avr/8.5.0/avr5/libgcc.a
LOAD /nix/store/8sb66a4vaf094pmp0fd94h9hvcfljzs3-avr-libc-avr-2.1.0/avr/lib/avr5/libm.a
LOAD /nix/store/8sb66a4vaf094pmp0fd94h9hvcfljzs3-avr-libc-avr-2.1.0/avr/lib/avr5/libc.a
LOAD /nix/store/8sb66a4vaf094pmp0fd94h9hvcfljzs3-avr-libc-avr-2.1.0/avr/lib/avr5/libatmega32u4.a
END GROUP
                0x00020000                        __TEXT_REGION_LENGTH__ = DEFINED (__TEXT_REGION_LENGTH__)?__TEXT_REGION_LENGTH__:0x20000
                0x00800060                        __DATA_REGION_ORIGIN__ = DEFINED (__DATA_REGION_ORIGIN__)?__DATA_REGION_ORIGIN__:0x800060
                0x0000ffa0                        __DATA_REGION_LENGTH__ = DEFINED (__DATA_REGION_LENGTH__)?__DATA_REGION_LENGTH__:0xffa0
                0x00010000                        __EEPROM_REGION_LENGTH__ = DEFINED (__EEPROM_REGION_LENGTH__)?__EEPROM_REGION_LENGTH__:0x10000
                [0x00000003]                      __FUSE_REGION_LENGTH__ = DEFINED (__FUSE_REGION_LENGTH__)?__FUSE_REGION_LENGTH__:0x400
                0x00000400                        __LOCK_REGION_LENGTH__ = DEFINED (__LOCK_REGION_LENGTH__)?__LOCK_REGION_LENGTH__:0x400
                0x00000400                        __SIGNATURE_REGION_LENGTH__ = DEFINED (__SIGNATURE_REGION_LENGTH__)?__SIGNATURE_REGION_LENGTH__:0x400
                0x00000400                        __USER_SIGNATURE_REGION_LENGTH__ = DEFINED (__USER_SIGNATURE_REGION_LENGTH__)?__USER_SIGNATURE_REGION_LENGTH__:0x400

.hash
 *(.hash)

.dynsym
 *(.dynsym)

.dynstr
 *(.dynstr)

.gnu.version
 *(.gnu.version)

.gnu.version_d
 *(.gnu.version_d)

.gnu.version_r
 *(.gnu.version_r)

.rel.init
 *(.rel.init)

.rela.init
 *(.rela.init)

.rel.text
 *(.rel.text)
 *(.rel.text.*)
 *(.rel.gnu.linkonce.t*)

.rela.text
 *(.rela.text)
 *(.rela.text.*)
 *(.rela.gnu.linkonce.t*)

.rel.fini
 *(.rel.fini)

.rela.fini
 *(.rela.fini)

.rel.rodata
 *(.rel.rodata)
 *(.rel.rodata.*)
 *(.rel.gnu.linkonce.r*)

.rela.rodata
 *(.rela.rodata)
 *(.rela.rodata.*)
 *(.rela.gnu.linkonce.r*)

.rel.data
 *(.rel.data)
 *(.rel.data.*)
 *(.rel.gnu.linkonce.d*)

.rela.data
 *(.rela.data)
 *(.rela.data.*)
 *(.rela.gnu.linkonce.d*)

.rel.ctors
 *(.rel.ctors)

.rela.ctors
 *(.rela.ctors)

.rel.dtors
 *(.rel.dtors)

.rela.dtors
 *(.rela.dtors)

.rel.got
 *(.rel.got)

.rela.got
 *(.rela.got)

.rel.bss
 *(.rel.bss)

.rela.bss
 *(.rela.bss)

.rel.plt
 *(.rel.plt)

.rela.plt
 *(.rela.plt)

.text           0x00000000     0x665e
 *(.vectors)
 .vectors       0x00000000       0xac /nix/store/8sb66a4vaf094pmp0fd94h9hvcfljzs3-avr-libc-avr-2.1.0/avr/lib/avr5/crtatmega32u4.o
                0x00000000                __vectors
                0x00000000                __vector_default
 *(.vectors)
 *(.progmem.gcc*)
                0x000000ac                        . = ALIGN (0x2)
                0x000000ac                        __trampolines_start = .
 *(.trampolines)
 .trampolines   0x000000ac        0x0 linker stubs
 *(.trampolines*)
                0x000000ac                        __trampolines_end = .
 *libprintf_flt.a:*(.progmem.data)
 *libc.a:*(.progmem.data)
 *(.progmem.*)
 .progmem.data.SharedReport
                0x000000ac       0xb6 /run/user/1000/ccfGnbO9.ltrans0.ltrans.o
 .progmem.data.RawReport
                0x00000162       0x22 /run/user/1000/ccfGnbO9.ltrans0.ltrans.o
 .progmem.data.KeyboardReport
                0x00000184       0x44 /run/user/1000/ccfGnbO9.ltrans0.ltrans.o
 .progmem.data.ascii_to_dead_lut
                0x000001c8       0x10 /run/user/1000/ccfGnbO9.ltrans0.ltrans.o
 .progmem.data.ascii_to_altgr_lut
                0x000001d8       0x10 /run/user/1000/ccfGnbO9.ltrans0.ltrans.o
 .progmem.data.ascii_to_shift_lut
                0x000001e8       0x10 /run/user/1000/ccfGnbO9.ltrans0.ltrans.o
 .progmem.data.ascii_to_keycode_lut
                0x000001f8       0x80 /run/user/1000/ccfGnbO9.ltrans0.ltrans.o
 .progmem.data.display_setup2.2290
                0x00000278        0xd /run/user/1000/ccfGnbO9.ltrans0.ltrans.o
 .progmem.data.display_flipped.2289
                0x00000285        0x5 /run/user/1000/ccfGnbO9.ltrans0.ltrans.o
 .progmem.data.display_normal.2288
                0x0000028a        0x5 /run/user/1000/ccfGnbO9.ltrans0.ltrans.o
 .progmem.data.display_setup1.2287
                0x0000028f        0xb /run/user/1000/ccfGnbO9.ltrans0.ltrans.o
 .progmem.data.CIE1931_CURVE
                0x0000029a      0x100 /run/user/1000/ccfGnbO9.ltrans0.ltrans.o
 .progmem.data.font
                0x0000039a      0x540 /run/user/1000/ccfGnbO9.ltrans0.ltrans.o
 .progmem.data.display_on.2466
                0x000008da        0x2 /run/user/1000/ccfGnbO9.ltrans0.ltrans.o
 .progmem.data.display_off.2470
                0x000008dc        0x2 /run/user/1000/ccfGnbO9.ltrans0.ltrans.o
 .progmem.data.__c.5540
                0x000008de        0x6 /run/user/1000/ccfGnbO9.ltrans0.ltrans.o
 .progmem.data.__c.5537
                0x000008e4        0x3 /run/user/1000/ccfGnbO9.ltrans0.ltrans.o
 .progmem.data.__c.5535
                0x000008e7        0x6 /run/user/1000/ccfGnbO9.ltrans0.ltrans.o
 .progmem.data.__c.5532
                0x000008ed        0x6 /run/user/1000/ccfGnbO9.ltrans0.ltrans.o
 .progmem.data.__c.5529
                0x000008f3        0x6 /run/user/1000/ccfGnbO9.ltrans0.ltrans.o
 .progmem.data.__c.5525
                0x000008f9        0x6 /run/user/1000/ccfGnbO9.ltrans0.ltrans.o
 .progmem.data.__c.5521
                0x000008ff        0x6 /run/user/1000/ccfGnbO9.ltrans0.ltrans.o
 .progmem.data.__c.5519
                0x00000905        0x3 /run/user/1000/ccfGnbO9.ltrans0.ltrans.o
 .progmem.data.__c.5517
                0x00000908        0x5 /run/user/1000/ccfGnbO9.ltrans0.ltrans.o
 .progmem.data.__c.5514
                0x0000090d        0x5 /run/user/1000/ccfGnbO9.ltrans0.ltrans.o
 .progmem.data.__c.5510
                0x00000912        0x5 /run/user/1000/ccfGnbO9.ltrans0.ltrans.o
 .progmem.data.__c.5507
                0x00000917        0x3 /run/user/1000/ccfGnbO9.ltrans0.ltrans.o
 .progmem.data.qmk_logo.5503
                0x0000091a       0x40 /run/user/1000/ccfGnbO9.ltrans0.ltrans.o
 .progmem.data.keymaps
                0x0000095a      0x1e0 /run/user/1000/ccfGnbO9.ltrans0.ltrans.o
 .progmem.data.encoder_map
                0x00000b3a       0x20 /run/user/1000/ccfGnbO9.ltrans0.ltrans.o
 .progmem.data.ConfigurationDescriptor
                0x00000b5a       0x5b /run/user/1000/ccfGnbO9.ltrans0.ltrans.o
 .progmem.data.DeviceDescriptor
                0x00000bb5       0x12 /run/user/1000/ccfGnbO9.ltrans0.ltrans.o
 .progmem.data.ProductString
                0x00000bc7        0xe /run/user/1000/ccfGnbO9.ltrans0.ltrans.o
 .progmem.data.ManufacturerString
                0x00000bd5       0x1c /run/user/1000/ccfGnbO9.ltrans0.ltrans.o
 .progmem.data.LanguageString
                0x00000bf1        0x4 /run/user/1000/ccfGnbO9.ltrans0.ltrans.o
                0x00000bf6                        . = ALIGN (0x2)
 *fill*         0x00000bf5        0x1 
 *(.lowtext)
 *(.lowtext*)
                0x00000bf6                        __ctors_start = .
 *(.ctors)
                0x00000bf6                        __ctors_end = .
                0x00000bf6                        __dtors_start = .
 *(.dtors)
                0x00000bf6                        __dtors_end = .
 SORT_BY_NAME(*)(.ctors)
 SORT_BY_NAME(*)(.dtors)
 *(.init0)
 .init0         0x00000bf6        0x0 /nix/store/8sb66a4vaf094pmp0fd94h9hvcfljzs3-avr-libc-avr-2.1.0/avr/lib/avr5/crtatmega32u4.o
                0x00000bf6                __init
 *(.init0)
 *(.init1)
 *(.init1)
 *(.init2)
 .init2         0x00000bf6        0xc /nix/store/8sb66a4vaf094pmp0fd94h9hvcfljzs3-avr-libc-avr-2.1.0/avr/lib/avr5/crtatmega32u4.o
 *(.init2)
 *(.init3)
 *(.init3)
 *(.init4)
 .init4         0x00000c02       0x16 /nix/store/sb9f7jzs484gsvkq3dfjsw9wfb5lvkxk-avr-gcc-8.5.0/lib/gcc/avr/8.5.0/avr5/libgcc.a(_copy_data.o)
                0x00000c02                __do_copy_data
 .init4         0x00000c18       0x10 /nix/store/sb9f7jzs484gsvkq3dfjsw9wfb5lvkxk-avr-gcc-8.5.0/lib/gcc/avr/8.5.0/avr5/libgcc.a(_clear_bss.o)
                0x00000c18                __do_clear_bss
 *(.init4)
 *(.init5)
 *(.init5)
 *(.init6)
 *(.init6)
 *(.init7)
 *(.init7)
 *(.init8)
 *(.init8)
 *(.init9)
 .init9         0x00000c28        0x8 /nix/store/8sb66a4vaf094pmp0fd94h9hvcfljzs3-avr-libc-avr-2.1.0/avr/lib/avr5/crtatmega32u4.o
 *(.init9)
 *(.text)
 .text          0x00000c30        0x4 /nix/store/8sb66a4vaf094pmp0fd94h9hvcfljzs3-avr-libc-avr-2.1.0/avr/lib/avr5/crtatmega32u4.o
                0x00000c30                __vector_38
                0x00000c30                __vector_22
                0x00000c30                __vector_28
                0x00000c30                __vector_1
                0x00000c30                __vector_32
                0x00000c30                __vector_34
                0x00000c30                __vector_24
                0x00000c30                __bad_interrupt
                0x00000c30                __vector_6
                0x00000c30                __vector_31
                0x00000c30                __vector_35
                0x00000c30                __vector_39
                0x00000c30                __vector_23
                0x00000c30                __vector_30
                0x00000c30                __vector_25
                0x00000c30                __vector_13
                0x00000c30                __vector_17
                0x00000c30                __vector_19
                0x00000c30                __vector_7
                0x00000c30                __vector_41
                0x00000c30                __vector_27
                0x00000c30                __vector_5
                0x00000c30                __vector_33
                0x00000c30                __vector_37
                0x00000c30                __vector_4
                0x00000c30                __vector_9
                0x00000c30                __vector_2
                0x00000c30                __vector_15
                0x00000c30                __vector_36
                0x00000c30                __vector_29
                0x00000c30                __vector_40
                0x00000c30                __vector_8
                0x00000c30                __vector_26
                0x00000c30                __vector_14
                0x00000c30                __vector_16
                0x00000c30                __vector_18
                0x00000c30                __vector_20
                0x00000c30                __vector_42
                0x00000c34                        . = ALIGN (0x2)
 *(.text.*)
 .text.waiting_buffer_typed.isra.2.constprop.46
                0x00000c34       0x3e /run/user/1000/ccfGnbO9.ltrans0.ltrans.o
 .text.USB_Disable
                0x00000c72       0x3e /run/user/1000/ccfGnbO9.ltrans0.ltrans.o
 .text.Endpoint_WaitUntilReady
                0x00000cb0       0x62 /run/user/1000/ccfGnbO9.ltrans0.ltrans.o
 .text.Endpoint_ClearStatusStage
                0x00000d12       0x3e /run/user/1000/ccfGnbO9.ltrans0.ltrans.o
 .text.Endpoint_ConfigureEndpoint_Prv
                0x00000d50       0x64 /run/user/1000/ccfGnbO9.ltrans0.ltrans.o
 .text.USB_Init
                0x00000db4       0xb6 /run/user/1000/ccfGnbO9.ltrans0.ltrans.o
 .text.Endpoint_Write_Control_Stream_LE
                0x00000e6a       0xbc /run/user/1000/ccfGnbO9.ltrans0.ltrans.o
 .text.keyboard_leds
                0x00000f26        0x6 /run/user/1000/ccfGnbO9.ltrans0.ltrans.o
 .text.bootloader_jump
                0x00000f2c       0x22 /run/user/1000/ccfGnbO9.ltrans0.ltrans.o
 .text.timer_read32
                0x00000f4e       0x18 /run/user/1000/ccfGnbO9.ltrans0.ltrans.o
 .text.del_key_from_report
                0x00000f66       0x56 /run/user/1000/ccfGnbO9.ltrans0.ltrans.o
 .text.add_key_to_report
                0x00000fbc       0x68 /run/user/1000/ccfGnbO9.ltrans0.ltrans.o
 .text.host_consumer_send
                0x00001024       0x4a /run/user/1000/ccfGnbO9.ltrans0.ltrans.o
 .text.host_system_send
                0x0000106e       0x4a /run/user/1000/ccfGnbO9.ltrans0.ltrans.o
 .text.host_keyboard_leds
                0x000010b8       0x22 /run/user/1000/ccfGnbO9.ltrans0.ltrans.o
 .text.wheel_unit
                0x000010da       0x44 /run/user/1000/ccfGnbO9.ltrans0.ltrans.o
 .text.move_unit
                0x0000111e       0x40 /run/user/1000/ccfGnbO9.ltrans0.ltrans.o
 .text.times_inv_sqrt2
                0x0000115e       0x1c /run/user/1000/ccfGnbO9.ltrans0.ltrans.o
 .text.crc8     0x0000117a       0x2c /run/user/1000/ccfGnbO9.ltrans0.ltrans.o
 .text.encoder_quadrature_read_pin
                0x000011a6       0x38 /run/user/1000/ccfGnbO9.ltrans0.ltrans.o
 .text.encoder_quadrature_init_pin
                0x000011de       0x46 /run/user/1000/ccfGnbO9.ltrans0.ltrans.o
 .text.encoder_queue_event
                0x00001224       0x4a /run/user/1000/ccfGnbO9.ltrans0.ltrans.o
 .text.handleKeycodeRGB
                0x0000126e        0xc /run/user/1000/ccfGnbO9.ltrans0.ltrans.o
 .text.setled   0x0000127a       0x56 /run/user/1000/ccfGnbO9.ltrans0.ltrans.o
 .text.init     0x000012d0        0x6 /run/user/1000/ccfGnbO9.ltrans0.ltrans.o
 .text.rgb_matrix_decrease_speed
                0x000012d6       0x1c /run/user/1000/ccfGnbO9.ltrans0.ltrans.o
 .text.rgb_matrix_increase_speed
                0x000012f2       0x1c /run/user/1000/ccfGnbO9.ltrans0.ltrans.o
 .text.rgb_matrix_sethsv_eeprom_helper
                0x0000130e       0x20 /run/user/1000/ccfGnbO9.ltrans0.ltrans.o
 .text.rgb_matrix_decrease_val
                0x0000132e       0x1c /run/user/1000/ccfGnbO9.ltrans0.ltrans.o
 .text.rgb_matrix_increase_val
                0x0000134a       0x1c /run/user/1000/ccfGnbO9.ltrans0.ltrans.o
 .text.rgb_matrix_decrease_sat
                0x00001366       0x1c /run/user/1000/ccfGnbO9.ltrans0.ltrans.o
 .text.rgb_matrix_increase_sat
                0x00001382       0x1c /run/user/1000/ccfGnbO9.ltrans0.ltrans.o
 .text.rgb_matrix_decrease_hue
                0x0000139e       0x16 /run/user/1000/ccfGnbO9.ltrans0.ltrans.o
 .text.rgb_matrix_increase_hue
                0x000013b4       0x16 /run/user/1000/ccfGnbO9.ltrans0.ltrans.o
 .text.rgb_matrix_mode_eeprom_helper
                0x000013ca       0x1e /run/user/1000/ccfGnbO9.ltrans0.ltrans.o
 .text.rgb_matrix_step_reverse
                0x000013e8       0x16 /run/user/1000/ccfGnbO9.ltrans0.ltrans.o
 .text.rgb_matrix_step
                0x000013fe        0xa /run/user/1000/ccfGnbO9.ltrans0.ltrans.o
 .text.rgb_matrix_get_limits
                0x00001408       0x28 /run/user/1000/ccfGnbO9.ltrans0.ltrans.o
 .text.rgb_task_flush
                0x00001430       0x1a /run/user/1000/ccfGnbO9.ltrans0.ltrans.o
 .text.rgb_matrix_set_color_all
                0x0000144a       0x32 /run/user/1000/ccfGnbO9.ltrans0.ltrans.o
 .text.rgb_task_render
                0x0000147c      0x1fa /run/user/1000/ccfGnbO9.ltrans0.ltrans.o
 .text.sendchar
                0x00001676        0x4 /run/user/1000/ccfGnbO9.ltrans0.ltrans.o
 .text.encoder_handlers_slave_drain
                0x0000167a        0x8 /run/user/1000/ccfGnbO9.ltrans0.ltrans.o
 .text.setPinInputHigh_atomic
                0x00001682       0x2e /run/user/1000/ccfGnbO9.ltrans0.ltrans.o
 .text.sync_timer_read32
                0x000016b0       0x34 /run/user/1000/ccfGnbO9.ltrans0.ltrans.o
 .text.mod_config
                0x000016e4       0x9e /run/user/1000/ccfGnbO9.ltrans0.ltrans.o
 .text.keycode_config
                0x00001782      0x144 /run/user/1000/ccfGnbO9.ltrans0.ltrans.o
 .text.action_for_keycode
                0x000018c6      0x23c /run/user/1000/ccfGnbO9.ltrans0.ltrans.o
 .text.del_mods
                0x00001b02        0xe /run/user/1000/ccfGnbO9.ltrans0.ltrans.o
 .text.get_mods_for_report
                0x00001b10       0x4e /run/user/1000/ccfGnbO9.ltrans0.ltrans.o
 .text.debug_waiting_buffer
                0x00001b5e       0x14 /run/user/1000/ccfGnbO9.ltrans0.ltrans.o
 .text.read_source_layers_cache_impl
                0x00001b72       0x4e /run/user/1000/ccfGnbO9.ltrans0.ltrans.o
 .text.read_source_layers_cache
                0x00001bc0       0x32 /run/user/1000/ccfGnbO9.ltrans0.ltrans.o
 .text.update_source_layers_cache_impl
                0x00001bf2       0x5a /run/user/1000/ccfGnbO9.ltrans0.ltrans.o
 .text.update_source_layers_cache
                0x00001c4c       0x34 /run/user/1000/ccfGnbO9.ltrans0.ltrans.o
 .text.layer_state_set
                0x00001c80        0x6 /run/user/1000/ccfGnbO9.ltrans0.ltrans.o
 .text.update_tri_layer
                0x00001c86       0x40 /run/user/1000/ccfGnbO9.ltrans0.ltrans.o
 .text.layer_off
                0x00001cc6       0x1a /run/user/1000/ccfGnbO9.ltrans0.ltrans.o
 .text.clear_oneshot_layer_state
                0x00001ce0       0x2e /run/user/1000/ccfGnbO9.ltrans0.ltrans.o
 .text.layer_on
                0x00001d0e       0x18 /run/user/1000/ccfGnbO9.ltrans0.ltrans.o
 .text.default_layer_state_set
                0x00001d26        0x6 /run/user/1000/ccfGnbO9.ltrans0.ltrans.o
 .text.biton    0x00001d2c       0x22 /run/user/1000/ccfGnbO9.ltrans0.ltrans.o
 .text.send_report
                0x00001d4e       0x76 /run/user/1000/ccfGnbO9.ltrans0.ltrans.o
 .text.send_extra
                0x00001dc4        0xe /run/user/1000/ccfGnbO9.ltrans0.ltrans.o
 .text.send_mouse
                0x00001dd2        0xe /run/user/1000/ccfGnbO9.ltrans0.ltrans.o
 .text.send_nkro
                0x00001de0        0xe /run/user/1000/ccfGnbO9.ltrans0.ltrans.o
 .text.send_keyboard
                0x00001dee       0x28 /run/user/1000/ccfGnbO9.ltrans0.ltrans.o
 .text.flush    0x00001e16       0x5a /run/user/1000/ccfGnbO9.ltrans0.ltrans.o
 .text.transaction_handler_master.isra.3
                0x00001e70       0x66 /run/user/1000/ccfGnbO9.ltrans0.ltrans.o
 .text.via_eeprom_set_valid
                0x00001ed6       0x32 /run/user/1000/ccfGnbO9.ltrans0.ltrans.o
 .text.dynamic_keymap_macro_reset
                0x00001f08       0x20 /run/user/1000/ccfGnbO9.ltrans0.ltrans.o
 .text.dynamic_keymap_set_encoder
                0x00001f28       0x62 /run/user/1000/ccfGnbO9.ltrans0.ltrans.o
 .text.dynamic_keymap_set_keycode
                0x00001f8a       0x4c /run/user/1000/ccfGnbO9.ltrans0.ltrans.o
 .text.dynamic_keymap_reset
                0x00001fd6       0xca /run/user/1000/ccfGnbO9.ltrans0.ltrans.o
 .text.eeconfig_init_via
                0x000020a0       0x20 /run/user/1000/ccfGnbO9.ltrans0.ltrans.o
 .text.via_eeprom_is_valid
                0x000020c0       0x32 /run/user/1000/ccfGnbO9.ltrans0.ltrans.o
 .text.dynamic_keymap_get_encoder
                0x000020f2       0x72 /run/user/1000/ccfGnbO9.ltrans0.ltrans.o
 .text.dynamic_keymap_get_keycode
                0x00002164       0x5e /run/user/1000/ccfGnbO9.ltrans0.ltrans.o
 .text.keymap_key_to_keycode
                0x000021c2       0x3e /run/user/1000/ccfGnbO9.ltrans0.ltrans.o
 .text.layer_switch_get_layer
                0x00002200       0x5e /run/user/1000/ccfGnbO9.ltrans0.ltrans.o
 .text.layer_switch_get_action
                0x0000225e       0x1a /run/user/1000/ccfGnbO9.ltrans0.ltrans.o
 .text.is_tap_record
                0x00002278       0x46 /run/user/1000/ccfGnbO9.ltrans0.ltrans.o
 .text.get_event_keycode
                0x000022be       0x4a /run/user/1000/ccfGnbO9.ltrans0.ltrans.o
 .text.send_keyboard_report
                0x00002308       0xa4 /run/user/1000/ccfGnbO9.ltrans0.ltrans.o
 .text.unregister_mods
                0x000023ac        0xe /run/user/1000/ccfGnbO9.ltrans0.ltrans.o
 .text.register_mods
                0x000023ba       0x14 /run/user/1000/ccfGnbO9.ltrans0.ltrans.o
 .text.oled_write_char
                0x000023ce      0x122 /run/user/1000/ccfGnbO9.ltrans0.ltrans.o
 .text.oled_write_P
                0x000024f0       0x24 /run/user/1000/ccfGnbO9.ltrans0.ltrans.o
 .text.oled_advance_page
                0x00002514       0x66 /run/user/1000/ccfGnbO9.ltrans0.ltrans.o
 .text.oled_write_ln_P
                0x0000257a        0xc /run/user/1000/ccfGnbO9.ltrans0.ltrans.o
 .text.oled_send_cmd_P
                0x00002586       0x1a /run/user/1000/ccfGnbO9.ltrans0.ltrans.o
 .text.oled_off
                0x000025a0       0x36 /run/user/1000/ccfGnbO9.ltrans0.ltrans.o
 .text.oled_on  0x000025d6       0x50 /run/user/1000/ccfGnbO9.ltrans0.ltrans.o
 .text.eeconfig_flush_rgb_matrix.part.1
                0x00002626       0x16 /run/user/1000/ccfGnbO9.ltrans0.ltrans.o
 .text.rgb_matrix_task
                0x0000263c       0xea /run/user/1000/ccfGnbO9.ltrans0.ltrans.o
 .text.oneshot_set
                0x00002726       0x2e /run/user/1000/ccfGnbO9.ltrans0.ltrans.o
 .text.sync_timer_handlers_master
                0x00002754       0xac /run/user/1000/ccfGnbO9.ltrans0.ltrans.o
 .text.send_if_condition
                0x00002800       0xc2 /run/user/1000/ccfGnbO9.ltrans0.ltrans.o
 .text.rgb_matrix_handlers_master
                0x000028c2       0x58 /run/user/1000/ccfGnbO9.ltrans0.ltrans.o
 .text.master_matrix_handlers_master
                0x0000291a       0x38 /run/user/1000/ccfGnbO9.ltrans0.ltrans.o
 .text.read_if_checksum_mismatch
                0x00002952      0x14a /run/user/1000/ccfGnbO9.ltrans0.ltrans.o
 .text.encoder_handlers_master
                0x00002a9c       0x9a /run/user/1000/ccfGnbO9.ltrans0.ltrans.o
 .text.slave_matrix_handlers_master
                0x00002b36       0x58 /run/user/1000/ccfGnbO9.ltrans0.ltrans.o
 .text.__vector_10
                0x00002b8e      0x1b2 /run/user/1000/ccfGnbO9.ltrans0.ltrans.o
                0x00002b8e                __vector_10
 .text.__vector_21
                0x00002d40       0x48 /run/user/1000/ccfGnbO9.ltrans0.ltrans.o
                0x00002d40                __vector_21
 .text.timer_elapsed
                0x00002d88       0x1e /run/user/1000/ccfGnbO9.ltrans0.ltrans.o
                0x00002d88                timer_elapsed
 .text.timer_read
                0x00002da6       0x18 /run/user/1000/ccfGnbO9.ltrans0.ltrans.o
                0x00002da6                timer_read
 .text.mousekey_send
                0x00002dbe       0x4e /run/user/1000/ccfGnbO9.ltrans0.ltrans.o
 .text.clear_keyboard
                0x00002e0c       0x62 /run/user/1000/ccfGnbO9.ltrans0.ltrans.o
 .text.USB_Device_ProcessControlRequest
                0x00002e6e      0x57c /run/user/1000/ccfGnbO9.ltrans0.ltrans.o
 .text.__vector_11
                0x000033ea       0x88 /run/user/1000/ccfGnbO9.ltrans0.ltrans.o
                0x000033ea                __vector_11
 .text.soft_reset_keyboard
                0x00003472       0x2c /run/user/1000/ccfGnbO9.ltrans0.ltrans.o
 .text.register_mouse
                0x0000349e      0x1c8 /run/user/1000/ccfGnbO9.ltrans0.ltrans.o
 .text.unregister_code
                0x00003666       0x66 /run/user/1000/ccfGnbO9.ltrans0.ltrans.o
 .text.register_code
                0x000036cc       0xe0 /run/user/1000/ccfGnbO9.ltrans0.ltrans.o
 .text.tap_code_delay
                0x000037ac       0x30 /run/user/1000/ccfGnbO9.ltrans0.ltrans.o
 .text.perform_space_cadet.constprop.59
                0x000037dc       0xbe /run/user/1000/ccfGnbO9.ltrans0.ltrans.o
 .text.process_record
                0x0000389a      0xbc4 /run/user/1000/ccfGnbO9.ltrans0.ltrans.o
 .text.waiting_buffer_scan_tap
                0x0000445e       0xb6 /run/user/1000/ccfGnbO9.ltrans0.ltrans.o
 .text.process_tapping
                0x00004514      0x2d2 /run/user/1000/ccfGnbO9.ltrans0.ltrans.o
 .text.action_exec
                0x000047e6      0x118 /run/user/1000/ccfGnbO9.ltrans0.ltrans.o
 .text.encoder_handle_queue
                0x000048fe       0xde /run/user/1000/ccfGnbO9.ltrans0.ltrans.o
 .text.oled_task
                0x000049dc      0x31e /run/user/1000/ccfGnbO9.ltrans0.ltrans.o
 .text.matrix_scan
                0x00004cfa      0x368 /run/user/1000/ccfGnbO9.ltrans0.ltrans.o
 .text.generate_tick_event
                0x00005062       0x48 /run/user/1000/ccfGnbO9.ltrans0.ltrans.o
 .text.__vector_12
                0x000050aa       0x4e /run/user/1000/ccfGnbO9.ltrans0.ltrans.o
                0x000050aa                __vector_12
 .text.startup.main
                0x000050f8      0xc92 /run/user/1000/ccfGnbO9.ltrans0.ltrans.o
                0x000050f8                main
 .text.i2c_start_impl
                0x00005d8a       0xa4 .build/obj_sofle_rev1_nghiango1/i2c_master.a(i2c_master.o)
 .text.i2c_init
                0x00005e2e        0xc .build/obj_sofle_rev1_nghiango1/i2c_master.a(i2c_master.o)
                0x00005e2e                i2c_init
 .text.i2c_write
                0x00005e3a       0x5c .build/obj_sofle_rev1_nghiango1/i2c_master.a(i2c_master.o)
                0x00005e3a                i2c_write
 .text.i2c_transmit
                0x00005e96       0x88 .build/obj_sofle_rev1_nghiango1/i2c_master.a(i2c_master.o)
                0x00005e96                i2c_transmit
 .text.i2c_transmit_P
                0x00005f1e       0x8c .build/obj_sofle_rev1_nghiango1/i2c_master.a(i2c_master.o)
                0x00005f1e                i2c_transmit_P
 .text.i2c_write_register
                0x00005faa       0x94 .build/obj_sofle_rev1_nghiango1/i2c_master.a(i2c_master.o)
                0x00005faa                i2c_write_register
 .text.sync_recv
                0x0000603e       0x10 .build/obj_sofle_rev1_nghiango1/serial.a(serial.o)
 .text.sync_send
                0x0000604e        0xc .build/obj_sofle_rev1_nghiango1/serial.a(serial.o)
 .text.serial_read_chunk.constprop.0
                0x0000605a       0x58 .build/obj_sofle_rev1_nghiango1/serial.a(serial.o)
 .text.serial_recive_packet
                0x000060b2       0x40 .build/obj_sofle_rev1_nghiango1/serial.a(serial.o)
 .text.soft_serial_initiator_init
                0x000060f2        0x6 .build/obj_sofle_rev1_nghiango1/serial.a(serial.o)
                0x000060f2                soft_serial_initiator_init
 .text.soft_serial_target_init
                0x000060f8       0x12 .build/obj_sofle_rev1_nghiango1/serial.a(serial.o)
                0x000060f8                soft_serial_target_init
 .text.serial_write_chunk
                0x0000610a       0x42 .build/obj_sofle_rev1_nghiango1/serial.a(serial.o)
                0x0000610a                serial_write_chunk
 .text.serial_send_packet
                0x0000614c       0x32 .build/obj_sofle_rev1_nghiango1/serial.a(serial.o)
 .text.__vector_3
                0x0000617e      0x14c .build/obj_sofle_rev1_nghiango1/serial.a(serial.o)
                0x0000617e                __vector_3
 .text.soft_serial_transaction
                0x000062ca       0xec .build/obj_sofle_rev1_nghiango1/serial.a(serial.o)
                0x000062ca                soft_serial_transaction
 .text.libgcc.div
                0x000063b6       0x28 /nix/store/sb9f7jzs484gsvkq3dfjsw9wfb5lvkxk-avr-gcc-8.5.0/lib/gcc/avr/8.5.0/avr5/libgcc.a(_udivmodhi4.o)
                0x000063b6                __udivmodhi4
 .text.libgcc.prologue
                0x000063de       0x38 /nix/store/sb9f7jzs484gsvkq3dfjsw9wfb5lvkxk-avr-gcc-8.5.0/lib/gcc/avr/8.5.0/avr5/libgcc.a(_prologue.o)
                0x000063de                __prologue_saves__
 .text.libgcc.prologue
                0x00006416       0x36 /nix/store/sb9f7jzs484gsvkq3dfjsw9wfb5lvkxk-avr-gcc-8.5.0/lib/gcc/avr/8.5.0/avr5/libgcc.a(_epilogue.o)
                0x00006416                __epilogue_restores__
 .text.libgcc.div
                0x0000644c       0x18 /nix/store/sb9f7jzs484gsvkq3dfjsw9wfb5lvkxk-avr-gcc-8.5.0/lib/gcc/avr/8.5.0/avr5/libgcc.a(_udivmodqi4.o)
                0x0000644c                __udivmodqi4
 .text.libgcc.div
                0x00006464       0x28 /nix/store/sb9f7jzs484gsvkq3dfjsw9wfb5lvkxk-avr-gcc-8.5.0/lib/gcc/avr/8.5.0/avr5/libgcc.a(_divmodhi4.o)
                0x00006464                __divmodhi4
                0x00006464                _div
 .text.libgcc   0x0000648c        0xc /nix/store/sb9f7jzs484gsvkq3dfjsw9wfb5lvkxk-avr-gcc-8.5.0/lib/gcc/avr/8.5.0/avr5/libgcc.a(_tablejump2.o)
                0x0000648c                __tablejump2__
 .text.libgcc.builtins
                0x00006498        0xe /nix/store/sb9f7jzs484gsvkq3dfjsw9wfb5lvkxk-avr-gcc-8.5.0/lib/gcc/avr/8.5.0/avr5/libgcc.a(_bswapsi2.o)
                0x00006498                __bswapsi2
 .text.avr-libc
                0x000064a6       0x12 /nix/store/8sb66a4vaf094pmp0fd94h9hvcfljzs3-avr-libc-avr-2.1.0/avr/lib/avr5/libc.a(memcpy_P.o)
                0x000064a6                memcpy_P
 .text.avr-libc
                0x000064b8       0x1a /nix/store/8sb66a4vaf094pmp0fd94h9hvcfljzs3-avr-libc-avr-2.1.0/avr/lib/avr5/libc.a(memcmp.o)
                0x000064b8                memcmp
 .text.avr-libc
                0x000064d2       0x12 /nix/store/8sb66a4vaf094pmp0fd94h9hvcfljzs3-avr-libc-avr-2.1.0/avr/lib/avr5/libc.a(memcpy.o)
                0x000064d2                memcpy
 .text.avr-libc
                0x000064e4       0x20 /nix/store/8sb66a4vaf094pmp0fd94h9hvcfljzs3-avr-libc-avr-2.1.0/avr/lib/avr5/libatmega32u4.a(eerd_block.o)
                0x000064e4                eeprom_read_block
                0x000064e8                eeprom_read_blraw
 .text.avr-libc
                0x00006504       0x10 /nix/store/8sb66a4vaf094pmp0fd94h9hvcfljzs3-avr-libc-avr-2.1.0/avr/lib/avr5/libatmega32u4.a(eerd_byte.o)
                0x00006504                eeprom_read_byte
 .text.avr-libc
                0x00006514        0xc /nix/store/8sb66a4vaf094pmp0fd94h9hvcfljzs3-avr-libc-avr-2.1.0/avr/lib/avr5/libatmega32u4.a(eerd_word.o)
                0x00006514                eeprom_read_word
 .text.avr-libc
                0x00006520       0x20 /nix/store/8sb66a4vaf094pmp0fd94h9hvcfljzs3-avr-libc-avr-2.1.0/avr/lib/avr5/libatmega32u4.a(eeupd_block.o)
                0x00006520                eeprom_update_block
 .text.avr-libc
                0x00006540       0x24 /nix/store/8sb66a4vaf094pmp0fd94h9hvcfljzs3-avr-libc-avr-2.1.0/avr/lib/avr5/libatmega32u4.a(eeupd_byte.o)
                0x00006540                eeprom_update_byte
                0x00006542                eeprom_update_r18
 .text.avr-libc
                0x00006564       0x18 /nix/store/8sb66a4vaf094pmp0fd94h9hvcfljzs3-avr-libc-avr-2.1.0/avr/lib/avr5/libatmega32u4.a(eeupd_dword.o)
                0x00006564                eeprom_update_dword
                0x00006564                eeprom_update_float
 .text.avr-libc
                0x0000657c        0xc /nix/store/8sb66a4vaf094pmp0fd94h9hvcfljzs3-avr-libc-avr-2.1.0/avr/lib/avr5/libatmega32u4.a(eeupd_word.o)
                0x0000657c                eeprom_update_word
                0x00006588                        . = ALIGN (0x2)
 *(.fini9)
 .fini9         0x00006588        0x0 /nix/store/sb9f7jzs484gsvkq3dfjsw9wfb5lvkxk-avr-gcc-8.5.0/lib/gcc/avr/8.5.0/avr5/libgcc.a(_exit.o)
                0x00006588                exit
                0x00006588                _exit
 *(.fini9)
 *(.fini8)
 *(.fini8)
 *(.fini7)
 *(.fini7)
 *(.fini6)
 *(.fini6)
 *(.fini5)
 *(.fini5)
 *(.fini4)
 *(.fini4)
 *(.fini3)
 *(.fini3)
 *(.fini2)
 *(.fini2)
 *(.fini1)
 *(.fini1)
 *(.fini0)
 .fini0         0x00006588        0x4 /nix/store/sb9f7jzs484gsvkq3dfjsw9wfb5lvkxk-avr-gcc-8.5.0/lib/gcc/avr/8.5.0/avr5/libgcc.a(_exit.o)
 *(.fini0)
 *(.hightext)
 *(.hightext*)
 *(.progmemx.*)
                0x0000658c                        . = ALIGN (0x2)
 *(.jumptables)
 *(.jumptables*)
 .jumptables.gcc.USB_Device_ProcessControlRequest
                0x0000658c       0x14 /run/user/1000/ccfGnbO9.ltrans0.ltrans.o
 .jumptables.gcc.process_record
                0x000065a0       0x94 /run/user/1000/ccfGnbO9.ltrans0.ltrans.o
 .jumptables.gcc.main
                0x00006634       0x2a /run/user/1000/ccfGnbO9.ltrans0.ltrans.o
                0x0000665e                        _etext = .

.data           0x00800100      0x1e0 load address 0x0000665e
                0x00800100                        PROVIDE (__data_start = .)
 *(.data)
 *(.data*)
 .data.split_transaction_table
                0x00800100       0x40 /run/user/1000/ccfGnbO9.ltrans0.ltrans.o
                0x00800100                split_transaction_table
 .data.isLeftHand
                0x00800140        0x1 /run/user/1000/ccfGnbO9.ltrans0.ltrans.o
 .data.lufa_driver
                0x00800141        0xa /run/user/1000/ccfGnbO9.ltrans0.ltrans.o
 .data.rgb_last_enable
                0x0080014b        0x1 /run/user/1000/ccfGnbO9.ltrans0.ltrans.o
 .data.rgb_last_effect
                0x0080014c        0x1 /run/user/1000/ccfGnbO9.ltrans0.ltrans.o
 .data.rgb_effect_params
                0x0080014d        0x3 /run/user/1000/ccfGnbO9.ltrans0.ltrans.o
 .data.rgb_task_state
                0x00800150        0x1 /run/user/1000/ccfGnbO9.ltrans0.ltrans.o
 .data.display_start.2340
                0x00800151        0x7 /run/user/1000/ccfGnbO9.ltrans0.ltrans.o
 .data.encoders_pad_a
                0x00800158        0x1 /run/user/1000/ccfGnbO9.ltrans0.ltrans.o
 .data.encoders_pad_b
                0x00800159        0x1 /run/user/1000/ccfGnbO9.ltrans0.ltrans.o
 .data.keyboard_protocol
                0x0080015a        0x1 /run/user/1000/ccfGnbO9.ltrans0.ltrans.o
 *(.gnu.linkonce.d*)
 *(.rodata)
 .rodata        0x0080015b        0x3 /run/user/1000/ccfGnbO9.ltrans0.ltrans.o
 *(.rodata*)
 .rodata.CSWTCH.8
                0x0080015e        0x3 /run/user/1000/ccfGnbO9.ltrans0.ltrans.o
 .rodata.CSWTCH.9
                0x00800161       0x36 /run/user/1000/ccfGnbO9.ltrans0.ltrans.o
 .rodata.split_shmem
                0x00800197        0x2 /run/user/1000/ccfGnbO9.ltrans0.ltrans.o
                0x00800197                split_shmem
 .rodata.row_pins
                0x00800199        0x5 /run/user/1000/ccfGnbO9.ltrans0.ltrans.o
 .rodata.col_pins
                0x0080019e        0x6 /run/user/1000/ccfGnbO9.ltrans0.ltrans.o
 .rodata.encoder_LUT
                0x008001a4       0x10 /run/user/1000/ccfGnbO9.ltrans0.ltrans.o
 .rodata.g_led_config
                0x008001b4      0x114 /run/user/1000/ccfGnbO9.ltrans0.ltrans.o
 .rodata.source_map.2341
                0x008002c8        0x4 /run/user/1000/ccfGnbO9.ltrans0.ltrans.o
 .rodata.target_map.2342
                0x008002cc        0x4 /run/user/1000/ccfGnbO9.ltrans0.ltrans.o
 .rodata.CSWTCH.2
                0x008002d0        0x3 /run/user/1000/ccfGnbO9.ltrans0.ltrans.o
 .rodata.CSWTCH.1
                0x008002d3        0x6 /run/user/1000/ccfGnbO9.ltrans0.ltrans.o
 .rodata.CSWTCH.0
                0x008002d9        0x6 /run/user/1000/ccfGnbO9.ltrans0.ltrans.o
 *(.gnu.linkonce.r*)
                0x008002e0                        . = ALIGN (0x2)
 *fill*         0x008002df        0x1 
                0x008002e0                        _edata = .
                0x008002e0                        PROVIDE (__data_end = .)

.bss            0x008002e0      0x489
                0x008002e0                        PROVIDE (__bss_start = .)
 *(.bss)
 .bss           0x008002e0        0x2 .build/obj_sofle_rev1_nghiango1/platforms/avr/xprintf.o
                0x008002e0                xfunc_out
 *(.bss*)
 .bss.__compound_literal.0
                0x008002e2        0x8 /run/user/1000/ccfGnbO9.ltrans0.ltrans.o
 .bss.__compound_literal.1
                0x008002ea       0x20 /run/user/1000/ccfGnbO9.ltrans0.ltrans.o
 .bss.grave_esc_was_shifted
                0x0080030a        0x1 /run/user/1000/ccfGnbO9.ltrans0.ltrans.o
 .bss.oneshot_locked_mods
                0x0080030b        0x1 /run/user/1000/ccfGnbO9.ltrans0.ltrans.o
 .bss.encoder_source_layers_cache
                0x0080030c        0x3 /run/user/1000/ccfGnbO9.ltrans0.ltrans.o
 .bss.source_layers_cache
                0x0080030f       0x18 /run/user/1000/ccfGnbO9.ltrans0.ltrans.o
 .bss.tapping_key
                0x00800327        0x7 /run/user/1000/ccfGnbO9.ltrans0.ltrans.o
 .bss.oneshot_layer_data
                0x0080032e        0x1 /run/user/1000/ccfGnbO9.ltrans0.ltrans.o
 .bss.oneshot_mods
                0x0080032f        0x1 /run/user/1000/ccfGnbO9.ltrans0.ltrans.o
 .bss.weak_mods
                0x00800330        0x1 /run/user/1000/ccfGnbO9.ltrans0.ltrans.o
 .bss.last_report.4305
                0x00800331       0x20 /run/user/1000/ccfGnbO9.ltrans0.ltrans.o
 .bss.last_report.4301
                0x00800351        0x8 /run/user/1000/ccfGnbO9.ltrans0.ltrans.o
 .bss.real_mods
                0x00800359        0x1 /run/user/1000/ccfGnbO9.ltrans0.ltrans.o
 .bss.last_tick.4716
                0x0080035a        0x2 /run/user/1000/ccfGnbO9.ltrans0.ltrans.o
 .bss.debouncing_time
                0x0080035c        0x2 /run/user/1000/ccfGnbO9.ltrans0.ltrans.o
 .bss.debouncing
                0x0080035e        0x1 /run/user/1000/ccfGnbO9.ltrans0.ltrans.o
 .bss.connection_check_timer.4289
                0x0080035f        0x2 /run/user/1000/ccfGnbO9.ltrans0.ltrans.o
 .bss.last_sync_timer.5014
                0x00800361        0x4 /run/user/1000/ccfGnbO9.ltrans0.ltrans.o
 .bss.last_connected.4463
                0x00800365        0x1 /run/user/1000/ccfGnbO9.ltrans0.ltrans.o
 .bss.last_matrix.4963
                0x00800366        0x5 /run/user/1000/ccfGnbO9.ltrans0.ltrans.o
 .bss.last_update.4962
                0x0080036b        0x4 /run/user/1000/ccfGnbO9.ltrans0.ltrans.o
 .bss.last_update.4974
                0x0080036f        0x4 /run/user/1000/ccfGnbO9.ltrans0.ltrans.o
 .bss.last_checksum.4984
                0x00800373        0x1 /run/user/1000/ccfGnbO9.ltrans0.ltrans.o
 .bss.last_update.4983
                0x00800374        0x4 /run/user/1000/ccfGnbO9.ltrans0.ltrans.o
 .bss.shared_memory
                0x00800378       0x21 /run/user/1000/ccfGnbO9.ltrans0.ltrans.o
 .bss.last_update.5007
                0x00800399        0x4 /run/user/1000/ccfGnbO9.ltrans0.ltrans.o
 .bss.last_update.5019
                0x0080039d        0x4 /run/user/1000/ccfGnbO9.ltrans0.ltrans.o
 .bss.connection_errors
                0x008003a1        0x1 /run/user/1000/ccfGnbO9.ltrans0.ltrans.o
 .bss.sync_timer_ms
                0x008003a2        0x4 /run/user/1000/ccfGnbO9.ltrans0.ltrans.o
 .bss.raw_matrix
                0x008003a6        0xa /run/user/1000/ccfGnbO9.ltrans0.ltrans.o
 .bss.thatHand  0x008003b0        0x1 /run/user/1000/ccfGnbO9.ltrans0.ltrans.o
 .bss.thisHand  0x008003b1        0x1 /run/user/1000/ccfGnbO9.ltrans0.ltrans.o
 .bss.default_layer_state
                0x008003b2        0x1 /run/user/1000/ccfGnbO9.ltrans0.ltrans.o
 .bss.debug_config
                0x008003b3        0x1 /run/user/1000/ccfGnbO9.ltrans0.ltrans.o
 .bss.matrix_previous.4723
                0x008003b4        0xa /run/user/1000/ccfGnbO9.ltrans0.ltrans.o
 .bss.encoder_pulses
                0x008003be        0x2 /run/user/1000/ccfGnbO9.ltrans0.ltrans.o
 .bss.thisHand.lto_priv.68
                0x008003c0        0x1 /run/user/1000/ccfGnbO9.ltrans0.ltrans.o
 .bss.encoder_state
                0x008003c1        0x2 /run/user/1000/ccfGnbO9.ltrans0.ltrans.o
 .bss.thisCount
                0x008003c3        0x1 /run/user/1000/ccfGnbO9.ltrans0.ltrans.o
 .bss.signal_queue_drain
                0x008003c4        0x1 /run/user/1000/ccfGnbO9.ltrans0.ltrans.o
 .bss.last_led_status.3604
                0x008003c5        0x1 /run/user/1000/ccfGnbO9.ltrans0.ltrans.o
 .bss.matrix    0x008003c6        0xa /run/user/1000/ccfGnbO9.ltrans0.ltrans.o
 .bss.rgb_timer_buffer
                0x008003d0        0x4 /run/user/1000/ccfGnbO9.ltrans0.ltrans.o
 .bss.g_rgb_timer
                0x008003d4        0x4 /run/user/1000/ccfGnbO9.ltrans0.ltrans.o
 .bss.suspend_state
                0x008003d8        0x1 /run/user/1000/ccfGnbO9.ltrans0.ltrans.o
 .bss.dirty_rgb_matrix
                0x008003d9        0x1 /run/user/1000/ccfGnbO9.ltrans0.ltrans.o
 .bss.rgb_matrix_config
                0x008003da        0x8 /run/user/1000/ccfGnbO9.ltrans0.ltrans.o
 .bss.ws2812_dirty
                0x008003e2        0x1 /run/user/1000/ccfGnbO9.ltrans0.ltrans.o
 .bss.rgb_matrix_ws2812_array
                0x008003e3       0xd8 /run/user/1000/ccfGnbO9.ltrans0.ltrans.o
 .bss.oled_temp_buffer.2373
                0x008004bb        0x6 /run/user/1000/ccfGnbO9.ltrans0.ltrans.o
 .bss.oled_cursor
                0x008004c1        0x2 /run/user/1000/ccfGnbO9.ltrans0.ltrans.o
 .bss.oled_rotation_width
                0x008004c3        0x1 /run/user/1000/ccfGnbO9.ltrans0.ltrans.o
 .bss.layer_state
                0x008004c4        0x1 /run/user/1000/ccfGnbO9.ltrans0.ltrans.o
 .bss.temp_buffer.2343
                0x008004c5       0x20 /run/user/1000/ccfGnbO9.ltrans0.ltrans.o
 .bss.oled_buffer
                0x008004e5      0x200 /run/user/1000/ccfGnbO9.ltrans0.ltrans.o
 .bss.oled_rotation
                0x008006e5        0x1 /run/user/1000/ccfGnbO9.ltrans0.ltrans.o
 .bss.oled_scrolling
                0x008006e6        0x1 /run/user/1000/ccfGnbO9.ltrans0.ltrans.o
 .bss.oled_dirty
                0x008006e7        0x2 /run/user/1000/ccfGnbO9.ltrans0.ltrans.o
 .bss.oled_timeout
                0x008006e9        0x4 /run/user/1000/ccfGnbO9.ltrans0.ltrans.o
 .bss.oled_active
                0x008006ed        0x1 /run/user/1000/ccfGnbO9.ltrans0.ltrans.o
 .bss.oled_update_timeout
                0x008006ee        0x2 /run/user/1000/ccfGnbO9.ltrans0.ltrans.o
 .bss.oled_initialized
                0x008006f0        0x1 /run/user/1000/ccfGnbO9.ltrans0.ltrans.o
 .bss.encoder_events
                0x008006f1        0x8 /run/user/1000/ccfGnbO9.ltrans0.ltrans.o
 .bss.mousekey_repeat
                0x008006f9        0x1 /run/user/1000/ccfGnbO9.ltrans0.ltrans.o
 .bss.mousekey_wheel_repeat
                0x008006fa        0x1 /run/user/1000/ccfGnbO9.ltrans0.ltrans.o
 .bss.mousekey_accel
                0x008006fb        0x1 /run/user/1000/ccfGnbO9.ltrans0.ltrans.o
 .bss.last_timer_w
                0x008006fc        0x2 /run/user/1000/ccfGnbO9.ltrans0.ltrans.o
 .bss.last_timer_c
                0x008006fe        0x2 /run/user/1000/ccfGnbO9.ltrans0.ltrans.o
 .bss.mouse_report
                0x00800700        0x6 /run/user/1000/ccfGnbO9.ltrans0.ltrans.o
 .bss.split_config
                0x00800706        0x2 /run/user/1000/ccfGnbO9.ltrans0.ltrans.o
 .bss.last_system_usage
                0x00800708        0x2 /run/user/1000/ccfGnbO9.ltrans0.ltrans.o
 .bss.driver    0x0080070a        0x2 /run/user/1000/ccfGnbO9.ltrans0.ltrans.o
 .bss.last_consumer_usage
                0x0080070c        0x2 /run/user/1000/ccfGnbO9.ltrans0.ltrans.o
 .bss.keymap_config
                0x0080070e        0x2 /run/user/1000/ccfGnbO9.ltrans0.ltrans.o
 .bss.wdt_timeout
                0x00800710        0x1 /run/user/1000/ccfGnbO9.ltrans0.ltrans.o
 .bss.timer_count
                0x00800711        0x4 /run/user/1000/ccfGnbO9.ltrans0.ltrans.o
 .bss.USB_IsInitialized
                0x00800715        0x1 /run/user/1000/ccfGnbO9.ltrans0.ltrans.o
 .bss.keyboard_idle
                0x00800716        0x1 /run/user/1000/ccfGnbO9.ltrans0.ltrans.o
 .bss.keyboard_led_state
                0x00800717        0x1 /run/user/1000/ccfGnbO9.ltrans0.ltrans.o
 .bss.keyboard_report_sent
                0x00800718        0x8 /run/user/1000/ccfGnbO9.ltrans0.ltrans.o
 .bss.USB_Device_CurrentlySelfPowered
                0x00800720        0x1 /run/user/1000/ccfGnbO9.ltrans0.ltrans.o
 .bss.USB_Device_RemoteWakeupEnabled
                0x00800721        0x1 /run/user/1000/ccfGnbO9.ltrans0.ltrans.o
 .bss.USB_DeviceState
                0x00800722        0x1 /run/user/1000/ccfGnbO9.ltrans0.ltrans.o
 .bss.USB_Device_ConfigurationNumber
                0x00800723        0x1 /run/user/1000/ccfGnbO9.ltrans0.ltrans.o
 .bss.USB_ControlRequest
                0x00800724        0x8 /run/user/1000/ccfGnbO9.ltrans0.ltrans.o
 .bss.waiting_buffer_head
                0x0080072c        0x1 /run/user/1000/ccfGnbO9.ltrans0.ltrans.o
 .bss.waiting_buffer
                0x0080072d       0x38 /run/user/1000/ccfGnbO9.ltrans0.ltrans.o
 .bss.waiting_buffer_tail
                0x00800765        0x1 /run/user/1000/ccfGnbO9.ltrans0.ltrans.o
 .bss.sc_timer  0x00800766        0x2 /run/user/1000/ccfGnbO9.ltrans0.ltrans.o
 .bss.sc_last   0x00800768        0x1 /run/user/1000/ccfGnbO9.ltrans0.ltrans.o
 *(COMMON)
                0x00800769                        PROVIDE (__bss_end = .)
                0x0000665e                        __data_load_start = LOADADDR (.data)
                0x0000683e                        __data_load_end = (__data_load_start + SIZEOF (.data))

.noinit         0x00800769        0x0
                [!provide]                        PROVIDE (__noinit_start = .)
 *(.noinit .noinit.* .gnu.linkonce.n.*)
                [!provide]                        PROVIDE (__noinit_end = .)
                0x00800769                        _end = .
                [!provide]                        PROVIDE (__heap_start = .)

.eeprom         0x00810000        0x0
 *(.eeprom*)
                0x00810000                        __eeprom_end = .

.fuse
 *(.fuse)
 *(.lfuse)
 *(.hfuse)
 *(.efuse)

.lock
 *(.lock*)

.signature
 *(.signature*)

.stab           0x00000000      0x9d8
 *(.stab)
 .stab          0x00000000      0x168 /nix/store/sb9f7jzs484gsvkq3dfjsw9wfb5lvkxk-avr-gcc-8.5.0/lib/gcc/avr/8.5.0/avr5/libgcc.a(_udivmodhi4.o)
 .stab          0x00000168       0x6c /nix/store/sb9f7jzs484gsvkq3dfjsw9wfb5lvkxk-avr-gcc-8.5.0/lib/gcc/avr/8.5.0/avr5/libgcc.a(_exit.o)
                                 0x78 (size before relaxing)
 .stab          0x000001d4      0x1a4 /nix/store/sb9f7jzs484gsvkq3dfjsw9wfb5lvkxk-avr-gcc-8.5.0/lib/gcc/avr/8.5.0/avr5/libgcc.a(_prologue.o)
                                0x1b0 (size before relaxing)
 .stab          0x00000378      0x1a4 /nix/store/sb9f7jzs484gsvkq3dfjsw9wfb5lvkxk-avr-gcc-8.5.0/lib/gcc/avr/8.5.0/avr5/libgcc.a(_epilogue.o)
                                0x1b0 (size before relaxing)
 .stab          0x0000051c       0xe4 /nix/store/sb9f7jzs484gsvkq3dfjsw9wfb5lvkxk-avr-gcc-8.5.0/lib/gcc/avr/8.5.0/avr5/libgcc.a(_udivmodqi4.o)
                                 0xf0 (size before relaxing)
 .stab          0x00000600      0x138 /nix/store/sb9f7jzs484gsvkq3dfjsw9wfb5lvkxk-avr-gcc-8.5.0/lib/gcc/avr/8.5.0/avr5/libgcc.a(_divmodhi4.o)
                                0x144 (size before relaxing)
 .stab          0x00000738       0x9c /nix/store/sb9f7jzs484gsvkq3dfjsw9wfb5lvkxk-avr-gcc-8.5.0/lib/gcc/avr/8.5.0/avr5/libgcc.a(_tablejump2.o)
                                 0xa8 (size before relaxing)
 .stab          0x000007d4       0xd8 /nix/store/sb9f7jzs484gsvkq3dfjsw9wfb5lvkxk-avr-gcc-8.5.0/lib/gcc/avr/8.5.0/avr5/libgcc.a(_copy_data.o)
                                 0xe4 (size before relaxing)
 .stab          0x000008ac       0xb4 /nix/store/sb9f7jzs484gsvkq3dfjsw9wfb5lvkxk-avr-gcc-8.5.0/lib/gcc/avr/8.5.0/avr5/libgcc.a(_clear_bss.o)
                                 0xc0 (size before relaxing)
 .stab          0x00000960       0x78 /nix/store/sb9f7jzs484gsvkq3dfjsw9wfb5lvkxk-avr-gcc-8.5.0/lib/gcc/avr/8.5.0/avr5/libgcc.a(_bswapsi2.o)
                                 0x84 (size before relaxing)

.stabstr        0x00000000      0x19e
 *(.stabstr)
 .stabstr       0x00000000      0x19e /nix/store/sb9f7jzs484gsvkq3dfjsw9wfb5lvkxk-avr-gcc-8.5.0/lib/gcc/avr/8.5.0/avr5/libgcc.a(_udivmodhi4.o)

.stab.excl
 *(.stab.excl)

.stab.exclstr
 *(.stab.exclstr)

.stab.index
 *(.stab.index)

.stab.indexstr
 *(.stab.indexstr)

.comment        0x00000000       0x11
 *(.comment)
 .comment       0x00000000       0x12 /run/user/1000/ccfGnbO9.ltrans0.ltrans.o
 .comment       0x00000000       0x11 .build/obj_sofle_rev1_nghiango1/i2c_master.a(i2c_master.o)
                                 0x12 (size before relaxing)
 .comment       0x00000011       0x12 .build/obj_sofle_rev1_nghiango1/serial.a(serial.o)

.note.gnu.avr.deviceinfo
                0x00000000       0x40
 .note.gnu.avr.deviceinfo
                0x00000000       0x40 /nix/store/8sb66a4vaf094pmp0fd94h9hvcfljzs3-avr-libc-avr-2.1.0/avr/lib/avr5/crtatmega32u4.o

.note.gnu.build-id
 *(.note.gnu.build-id)

.debug
 *(.debug)

.line
 *(.line)

.debug_srcinfo
 *(.debug_srcinfo)

.debug_sfnames
 *(.debug_sfnames)

.debug_aranges  0x00000000      0x500
 *(.debug_aranges)
 .debug_aranges
                0x00000000      0x418 /run/user/1000/ccfGnbO9.ltrans0.ltrans.o
 .debug_aranges
                0x00000418       0x80 .build/obj_sofle_rev1_nghiango1/i2c_master.a(i2c_master.o)
 .debug_aranges
                0x00000498       0x68 .build/obj_sofle_rev1_nghiango1/serial.a(serial.o)

.debug_pubnames
 *(.debug_pubnames)

.debug_info     0x00000000    0x4b885
 *(.debug_info .gnu.linkonce.wi.*)
 .debug_info    0x00000000      0x9f4 /nix/store/8sb66a4vaf094pmp0fd94h9hvcfljzs3-avr-libc-avr-2.1.0/avr/lib/avr5/crtatmega32u4.o
 .debug_info    0x000009f4    0x3c0be /run/user/1000/cc64hmvIdebugobj
                0x000009f4                sofle.c.0556b8c9
                0x00003763                default_keyboard.c.68882208
                0x000040e6                keymap_introspection.c.1339ace0
                0x00006f41                quantum.c.c34952de
                0x0000a282                bitwise.c.b906dc94
                0x0000a44b                led.c.0c5fc694
                0x0000a82a                action.c.15c888b1
                0x0000df93                action_layer.c.3fe2d8a0
                0x0000e87c                action_tapping.c.48cef3eb
                0x000110b4                action_util.c.71d7eae1
                0x0001198d                eeconfig.c.f3e41f1b
                0x00011c40                keyboard.c.448386fe
                0x00012724                keymap_common.c.3a768bc4
                0x000155b4                keycode_config.c.d226987e
                0x00017956                sync_timer.c.f7bf8dac
                0x00017a87                debug.c.9b3939b5
                0x00017c7d                sendchar.c.127eaaf2
                0x00017d04                matrix_common.c.c388ec1b
                0x000187ab                matrix.c.ec98ee3b
                0x000190e3                sym_defer_g.c.4a7a9932
                0x00019268                split_util.c.6e1e5e0a
                0x00019aa8                transport.c.5fd443ce
                0x0001a3c5                transactions.c.c3087991
                0x0001b261                main.c.3a763280
                0x0001b2ff                printf.c.5be0bdb0
                0x0001b3c6                color.c.c606a00b
                0x0001b5ed                rgb_matrix.c.0dd46048
                0x0001ca5a                rgb_matrix_drivers.c.42437fa3
                0x0001cca5                process_rgb.c.3bde0375
                0x0001f452                led_tables.c.82f72b8c
                0x0001f4df                lib8tion.c.da3162b9
                0x0001f604                oled_driver.c.e60fb8e1
                0x000201cc                encoder.c.d4db840b
                0x00022880                encoder_quadrature.c.c9a4bb67
                0x00022c53                ws2812_bitbang.c.4ebad6ee
                0x00022e22                bootmagic.c.31cd0824
                0x00022f7b                crc.c.65679b9f
                0x00023079                dynamic_keymap.c.5bdc5d06
                0x000257bb                process_grave_esc.c.042a9359
                0x00027ce7                process_magic.c.5d310415
                0x0002a1d5                mousekey.c.3e19c0c5
                0x0002c825                send_string.c.95219c53
                0x0002f137                process_space_cadet.c.1a8187ec
                0x0003162c                process_tri_layer.c.d7b197be
                0x00033a12                tri_layer.c.2d03ebd8
                0x00033b42                via.c.670ab4cc
                0x00034793                host.c.a72bdc6d
                0x00035084                report.c.f9024575
                0x00037856                usb_device_state.c.26c6aa87
                0x000379d5                usb_util.c.9347ddcd
                0x00037a58                suspend.c.2bc6e57f
                0x00037b1c                synchronization_util.c.75dd6757
                0x00037b84                timer.c.7b5fea4e
                0x00037c3e                hardware_id.c.ee918e0d
                0x00037d2c                platform.c.2b2c0e7d
                0x00037da1                suspend.c.7019cd0f
                0x000382fc                timer.c.64a1846f
                0x00038505                caterina.c.2d01a495
                0x000385cc                lufa.c.c11ec485
                0x000392c1                usb_descriptor.c.f7df4bb7
                0x00039c70                HIDParser.c.972f653d
                0x0003a2e6                Device_AVR8.c.7ae0064a
                0x0003a44d                EndpointStream_AVR8.c.b50132df
                0x0003af67                Endpoint_AVR8.c.ab38fbf7
                0x0003b39e                Host_AVR8.c.3d137d47
                0x0003b3fb                PipeStream_AVR8.c.7f6ee056
                0x0003b458                Pipe_AVR8.c.02c14ba1
                0x0003b4b5                USBController_AVR8.c.ecb5c78e
                0x0003b7d9                USBInterrupt_AVR8.c.e62bec98
                0x0003bb69                ConfigDescriptors.c.d00b018b
                0x0003beca                DeviceStandardReq.c.2d71960d
                0x0003c46d                Events.c.25115550
                0x0003c524                HostStandardReq.c.6f257384
                0x0003c581                USBTask.c.8363c09a
                0x0003c778                usb_util.c.2eb8a697
 .debug_info    0x0003cab2     0xc973 /run/user/1000/ccfGnbO9.ltrans0.ltrans.o
 .debug_info    0x00049425     0x10ca .build/obj_sofle_rev1_nghiango1/i2c_master.a(i2c_master.o)
 .debug_info    0x0004a4ef     0x1396 .build/obj_sofle_rev1_nghiango1/serial.a(serial.o)

.debug_abbrev   0x00000000     0x7aab
 *(.debug_abbrev)
 .debug_abbrev  0x00000000      0x96a /nix/store/8sb66a4vaf094pmp0fd94h9hvcfljzs3-avr-libc-avr-2.1.0/avr/lib/avr5/crtatmega32u4.o
 .debug_abbrev  0x0000096a     0x6698 /run/user/1000/cc64hmvIdebugobj
 .debug_abbrev  0x00007002      0x382 /run/user/1000/ccfGnbO9.ltrans0.ltrans.o
 .debug_abbrev  0x00007384      0x2d2 .build/obj_sofle_rev1_nghiango1/i2c_master.a(i2c_master.o)
 .debug_abbrev  0x00007656      0x455 .build/obj_sofle_rev1_nghiango1/serial.a(serial.o)

.debug_line     0x00000000    0x19070
 *(.debug_line .debug_line.* .debug_line_end)
 .debug_line    0x00000000       0x1d /nix/store/8sb66a4vaf094pmp0fd94h9hvcfljzs3-avr-libc-avr-2.1.0/avr/lib/avr5/crtatmega32u4.o
 .debug_line    0x0000001d     0x6ba1 /run/user/1000/cc64hmvIdebugobj
 .debug_line    0x00006bbe     0xfe0d /run/user/1000/ccfGnbO9.ltrans0.ltrans.o
 .debug_line    0x000169cb     0x13a3 .build/obj_sofle_rev1_nghiango1/i2c_master.a(i2c_master.o)
 .debug_line    0x00017d6e     0x1302 .build/obj_sofle_rev1_nghiango1/serial.a(serial.o)

.debug_frame    0x00000000     0x1074
 *(.debug_frame)
 .debug_frame   0x00000000      0xce0 /run/user/1000/ccfGnbO9.ltrans0.ltrans.o
 .debug_frame   0x00000ce0      0x240 .build/obj_sofle_rev1_nghiango1/i2c_master.a(i2c_master.o)
 .debug_frame   0x00000f20      0x154 .build/obj_sofle_rev1_nghiango1/serial.a(serial.o)

.debug_str      0x00000000     0xc782
 *(.debug_str)
 .debug_str     0x00000000      0x371 /nix/store/8sb66a4vaf094pmp0fd94h9hvcfljzs3-avr-libc-avr-2.1.0/avr/lib/avr5/crtatmega32u4.o
 .debug_str     0x00000371     0xba93 /run/user/1000/cc64hmvIdebugobj
                              0x58f97 (size before relaxing)
 .debug_str     0x0000be04      0x137 /run/user/1000/ccfGnbO9.ltrans0.ltrans.o
                                0x157 (size before relaxing)
 .debug_str     0x0000bf3b      0x2d8 .build/obj_sofle_rev1_nghiango1/i2c_master.a(i2c_master.o)
                                0x350 (size before relaxing)
 .debug_str     0x0000c213      0x56f .build/obj_sofle_rev1_nghiango1/serial.a(serial.o)
                                0x877 (size before relaxing)

.debug_loc      0x00000000     0xd340
 *(.debug_loc)
 .debug_loc     0x00000000     0xb0e1 /run/user/1000/ccfGnbO9.ltrans0.ltrans.o
 .debug_loc     0x0000b0e1     0x17ba .build/obj_sofle_rev1_nghiango1/i2c_master.a(i2c_master.o)
 .debug_loc     0x0000c89b      0xaa5 .build/obj_sofle_rev1_nghiango1/serial.a(serial.o)

.debug_macinfo
 *(.debug_macinfo)

.debug_weaknames
 *(.debug_weaknames)

.debug_funcnames
 *(.debug_funcnames)

.debug_typenames
 *(.debug_typenames)

.debug_varnames
 *(.debug_varnames)

.debug_pubtypes
 *(.debug_pubtypes)

.debug_ranges   0x00000000     0x2fc8
 *(.debug_ranges)
 .debug_ranges  0x00000000     0x2b78 /run/user/1000/ccfGnbO9.ltrans0.ltrans.o
 .debug_ranges  0x00002b78      0x130 .build/obj_sofle_rev1_nghiango1/i2c_master.a(i2c_master.o)
 .debug_ranges  0x00002ca8      0x320 .build/obj_sofle_rev1_nghiango1/serial.a(serial.o)

.debug_addr
 *(.debug_addr)

.debug_line_str
 *(.debug_line_str)

.debug_loclists
 *(.debug_loclists)

.debug_macro
 *(.debug_macro)

.debug_names
 *(.debug_names)

.debug_rnglists
 *(.debug_rnglists)

.debug_str_offsets
 *(.debug_str_offsets)

.debug_sup
 *(.debug_sup)
OUTPUT(.build/sofle_rev1_nghiango1.elf elf32-avr)
LOAD linker stubs

Cross Reference Table

Symbol                                            File
CALLBACK_HIDParser_FilterHIDReportItem            .build/obj_sofle_rev1_nghiango1/lib/lufa/LUFA/Drivers/USB/Class/Common/HIDParser.o (symbol from plugin)
CALLBACK_USB_GetDescriptor                        .build/obj_sofle_rev1_nghiango1/lufa.o (symbol from plugin)
                                                  .build/obj_sofle_rev1_nghiango1/lib/lufa/LUFA/Drivers/USB/Core/DeviceStandardReq.o (symbol from plugin)
CIE1931_CURVE                                     .build/obj_sofle_rev1_nghiango1/quantum/led_tables.o (symbol from plugin)
                                                  .build/obj_sofle_rev1_nghiango1/quantum/color.o (symbol from plugin)
ConfigDescriptors.c.d00b018b                      /run/user/1000/cc64hmvIdebugobj
ConfigurationDescriptor                           .build/obj_sofle_rev1_nghiango1/usb_descriptor.o (symbol from plugin)
DeviceDescriptor                                  .build/obj_sofle_rev1_nghiango1/usb_descriptor.o (symbol from plugin)
DeviceStandardReq.c.2d71960d                      /run/user/1000/cc64hmvIdebugobj
                                                  /run/user/1000/ccfGnbO9.ltrans0.ltrans.o
Device_AVR8.c.7ae0064a                            /run/user/1000/cc64hmvIdebugobj
                                                  /run/user/1000/ccfGnbO9.ltrans0.ltrans.o
EVENT_USB_Device_ConfigurationChanged             .build/obj_sofle_rev1_nghiango1/lufa.o (symbol from plugin)
                                                  .build/obj_sofle_rev1_nghiango1/lib/lufa/LUFA/Drivers/USB/Core/DeviceStandardReq.o (symbol from plugin)
EVENT_USB_Device_Connect                          .build/obj_sofle_rev1_nghiango1/lufa.o (symbol from plugin)
                                                  .build/obj_sofle_rev1_nghiango1/lib/lufa/LUFA/Drivers/USB/Core/AVR8/USBInterrupt_AVR8.o (symbol from plugin)
EVENT_USB_Device_ControlRequest                   .build/obj_sofle_rev1_nghiango1/lufa.o (symbol from plugin)
                                                  .build/obj_sofle_rev1_nghiango1/lib/lufa/LUFA/Drivers/USB/Core/DeviceStandardReq.o (symbol from plugin)
EVENT_USB_Device_Disconnect                       .build/obj_sofle_rev1_nghiango1/lufa.o (symbol from plugin)
                                                  .build/obj_sofle_rev1_nghiango1/lib/lufa/LUFA/Drivers/USB/Core/AVR8/USBInterrupt_AVR8.o (symbol from plugin)
EVENT_USB_Device_Reset                            .build/obj_sofle_rev1_nghiango1/lufa.o (symbol from plugin)
                                                  .build/obj_sofle_rev1_nghiango1/lib/lufa/LUFA/Drivers/USB/Core/AVR8/USBInterrupt_AVR8.o (symbol from plugin)
EVENT_USB_Device_StartOfFrame                     .build/obj_sofle_rev1_nghiango1/lib/lufa/LUFA/Drivers/USB/Core/Events.o (symbol from plugin)
                                                  .build/obj_sofle_rev1_nghiango1/lib/lufa/LUFA/Drivers/USB/Core/AVR8/USBInterrupt_AVR8.o (symbol from plugin)
EVENT_USB_Device_Suspend                          .build/obj_sofle_rev1_nghiango1/lufa.o (symbol from plugin)
                                                  .build/obj_sofle_rev1_nghiango1/lib/lufa/LUFA/Drivers/USB/Core/AVR8/USBInterrupt_AVR8.o (symbol from plugin)
EVENT_USB_Device_WakeUp                           .build/obj_sofle_rev1_nghiango1/lufa.o (symbol from plugin)
                                                  .build/obj_sofle_rev1_nghiango1/lib/lufa/LUFA/Drivers/USB/Core/AVR8/USBInterrupt_AVR8.o (symbol from plugin)
EndpointStream_AVR8.c.b50132df                    /run/user/1000/cc64hmvIdebugobj
                                                  /run/user/1000/ccfGnbO9.ltrans0.ltrans.o
Endpoint_AVR8.c.ab38fbf7                          /run/user/1000/cc64hmvIdebugobj
                                                  /run/user/1000/ccfGnbO9.ltrans0.ltrans.o
Endpoint_ClearEndpoints                           .build/obj_sofle_rev1_nghiango1/lib/lufa/LUFA/Drivers/USB/Core/AVR8/Endpoint_AVR8.o (symbol from plugin)
Endpoint_ClearStatusStage                         .build/obj_sofle_rev1_nghiango1/lib/lufa/LUFA/Drivers/USB/Core/AVR8/Endpoint_AVR8.o (symbol from plugin)
                                                  .build/obj_sofle_rev1_nghiango1/lib/lufa/LUFA/Drivers/USB/Core/DeviceStandardReq.o (symbol from plugin)
                                                  .build/obj_sofle_rev1_nghiango1/lufa.o (symbol from plugin)
Endpoint_ConfigureEndpointTable                   .build/obj_sofle_rev1_nghiango1/lib/lufa/LUFA/Drivers/USB/Core/AVR8/Endpoint_AVR8.o (symbol from plugin)
Endpoint_ConfigureEndpoint_Prv                    .build/obj_sofle_rev1_nghiango1/lib/lufa/LUFA/Drivers/USB/Core/AVR8/Endpoint_AVR8.o (symbol from plugin)
                                                  .build/obj_sofle_rev1_nghiango1/lib/lufa/LUFA/Drivers/USB/Core/AVR8/USBInterrupt_AVR8.o (symbol from plugin)
                                                  .build/obj_sofle_rev1_nghiango1/lib/lufa/LUFA/Drivers/USB/Core/AVR8/USBController_AVR8.o (symbol from plugin)
                                                  .build/obj_sofle_rev1_nghiango1/lufa.o (symbol from plugin)
Endpoint_Discard_Stream                           .build/obj_sofle_rev1_nghiango1/lib/lufa/LUFA/Drivers/USB/Core/AVR8/EndpointStream_AVR8.o (symbol from plugin)
Endpoint_Null_Stream                              .build/obj_sofle_rev1_nghiango1/lib/lufa/LUFA/Drivers/USB/Core/AVR8/EndpointStream_AVR8.o (symbol from plugin)
Endpoint_Read_Control_EStream_BE                  .build/obj_sofle_rev1_nghiango1/lib/lufa/LUFA/Drivers/USB/Core/AVR8/EndpointStream_AVR8.o (symbol from plugin)
Endpoint_Read_Control_EStream_LE                  .build/obj_sofle_rev1_nghiango1/lib/lufa/LUFA/Drivers/USB/Core/AVR8/EndpointStream_AVR8.o (symbol from plugin)
Endpoint_Read_Control_Stream_BE                   .build/obj_sofle_rev1_nghiango1/lib/lufa/LUFA/Drivers/USB/Core/AVR8/EndpointStream_AVR8.o (symbol from plugin)
Endpoint_Read_Control_Stream_LE                   .build/obj_sofle_rev1_nghiango1/lib/lufa/LUFA/Drivers/USB/Core/AVR8/EndpointStream_AVR8.o (symbol from plugin)
Endpoint_Read_EStream_BE                          .build/obj_sofle_rev1_nghiango1/lib/lufa/LUFA/Drivers/USB/Core/AVR8/EndpointStream_AVR8.o (symbol from plugin)
Endpoint_Read_EStream_LE                          .build/obj_sofle_rev1_nghiango1/lib/lufa/LUFA/Drivers/USB/Core/AVR8/EndpointStream_AVR8.o (symbol from plugin)
Endpoint_Read_Stream_BE                           .build/obj_sofle_rev1_nghiango1/lib/lufa/LUFA/Drivers/USB/Core/AVR8/EndpointStream_AVR8.o (symbol from plugin)
Endpoint_Read_Stream_LE                           .build/obj_sofle_rev1_nghiango1/lib/lufa/LUFA/Drivers/USB/Core/AVR8/EndpointStream_AVR8.o (symbol from plugin)
                                                  .build/obj_sofle_rev1_nghiango1/lufa.o (symbol from plugin)
Endpoint_WaitUntilReady                           .build/obj_sofle_rev1_nghiango1/lib/lufa/LUFA/Drivers/USB/Core/AVR8/Endpoint_AVR8.o (symbol from plugin)
                                                  .build/obj_sofle_rev1_nghiango1/lib/lufa/LUFA/Drivers/USB/Core/AVR8/EndpointStream_AVR8.o (symbol from plugin)
Endpoint_Write_Control_EStream_BE                 .build/obj_sofle_rev1_nghiango1/lib/lufa/LUFA/Drivers/USB/Core/AVR8/EndpointStream_AVR8.o (symbol from plugin)
Endpoint_Write_Control_EStream_LE                 .build/obj_sofle_rev1_nghiango1/lib/lufa/LUFA/Drivers/USB/Core/AVR8/EndpointStream_AVR8.o (symbol from plugin)
Endpoint_Write_Control_PStream_BE                 .build/obj_sofle_rev1_nghiango1/lib/lufa/LUFA/Drivers/USB/Core/AVR8/EndpointStream_AVR8.o (symbol from plugin)
Endpoint_Write_Control_PStream_LE                 .build/obj_sofle_rev1_nghiango1/lib/lufa/LUFA/Drivers/USB/Core/AVR8/EndpointStream_AVR8.o (symbol from plugin)
                                                  .build/obj_sofle_rev1_nghiango1/lib/lufa/LUFA/Drivers/USB/Core/DeviceStandardReq.o (symbol from plugin)
Endpoint_Write_Control_Stream_BE                  .build/obj_sofle_rev1_nghiango1/lib/lufa/LUFA/Drivers/USB/Core/AVR8/EndpointStream_AVR8.o (symbol from plugin)
Endpoint_Write_Control_Stream_LE                  .build/obj_sofle_rev1_nghiango1/lib/lufa/LUFA/Drivers/USB/Core/AVR8/EndpointStream_AVR8.o (symbol from plugin)
                                                  .build/obj_sofle_rev1_nghiango1/lib/lufa/LUFA/Drivers/USB/Core/DeviceStandardReq.o (symbol from plugin)
                                                  .build/obj_sofle_rev1_nghiango1/lufa.o (symbol from plugin)
Endpoint_Write_EStream_BE                         .build/obj_sofle_rev1_nghiango1/lib/lufa/LUFA/Drivers/USB/Core/AVR8/EndpointStream_AVR8.o (symbol from plugin)
Endpoint_Write_EStream_LE                         .build/obj_sofle_rev1_nghiango1/lib/lufa/LUFA/Drivers/USB/Core/AVR8/EndpointStream_AVR8.o (symbol from plugin)
Endpoint_Write_PStream_BE                         .build/obj_sofle_rev1_nghiango1/lib/lufa/LUFA/Drivers/USB/Core/AVR8/EndpointStream_AVR8.o (symbol from plugin)
Endpoint_Write_PStream_LE                         .build/obj_sofle_rev1_nghiango1/lib/lufa/LUFA/Drivers/USB/Core/AVR8/EndpointStream_AVR8.o (symbol from plugin)
Endpoint_Write_Stream_BE                          .build/obj_sofle_rev1_nghiango1/lib/lufa/LUFA/Drivers/USB/Core/AVR8/EndpointStream_AVR8.o (symbol from plugin)
Endpoint_Write_Stream_LE                          .build/obj_sofle_rev1_nghiango1/lib/lufa/LUFA/Drivers/USB/Core/AVR8/EndpointStream_AVR8.o (symbol from plugin)
                                                  .build/obj_sofle_rev1_nghiango1/lufa.o (symbol from plugin)
Events.c.25115550                                 /run/user/1000/cc64hmvIdebugobj
                                                  /run/user/1000/ccfGnbO9.ltrans0.ltrans.o
HIDParser.c.972f653d                              /run/user/1000/cc64hmvIdebugobj
HostStandardReq.c.6f257384                        /run/user/1000/cc64hmvIdebugobj
Host_AVR8.c.3d137d47                              /run/user/1000/cc64hmvIdebugobj
KeyboardReport                                    .build/obj_sofle_rev1_nghiango1/usb_descriptor.o (symbol from plugin)
LanguageString                                    .build/obj_sofle_rev1_nghiango1/usb_descriptor.o (symbol from plugin)
ManufacturerString                                .build/obj_sofle_rev1_nghiango1/usb_descriptor.o (symbol from plugin)
PipeStream_AVR8.c.7f6ee056                        /run/user/1000/cc64hmvIdebugobj
Pipe_AVR8.c.02c14ba1                              /run/user/1000/cc64hmvIdebugobj
ProductString                                     .build/obj_sofle_rev1_nghiango1/usb_descriptor.o (symbol from plugin)
RawReport                                         .build/obj_sofle_rev1_nghiango1/usb_descriptor.o (symbol from plugin)
SOLID_COLOR                                       .build/obj_sofle_rev1_nghiango1/quantum/rgb_matrix/rgb_matrix.o (symbol from plugin)
SharedReport                                      .build/obj_sofle_rev1_nghiango1/usb_descriptor.o (symbol from plugin)
USBController_AVR8.c.ecb5c78e                     /run/user/1000/cc64hmvIdebugobj
                                                  /run/user/1000/ccfGnbO9.ltrans0.ltrans.o
USBInterrupt_AVR8.c.e62bec98                      /run/user/1000/cc64hmvIdebugobj
                                                  /run/user/1000/ccfGnbO9.ltrans0.ltrans.o
USBTask.c.8363c09a                                /run/user/1000/cc64hmvIdebugobj
                                                  /run/user/1000/ccfGnbO9.ltrans0.ltrans.o
USB_ControlRequest                                .build/obj_sofle_rev1_nghiango1/lib/lufa/LUFA/Drivers/USB/Core/USBTask.o (symbol from plugin)
                                                  .build/obj_sofle_rev1_nghiango1/lib/lufa/LUFA/Drivers/USB/Core/DeviceStandardReq.o (symbol from plugin)
                                                  .build/obj_sofle_rev1_nghiango1/lib/lufa/LUFA/Drivers/USB/Core/AVR8/Endpoint_AVR8.o (symbol from plugin)
                                                  .build/obj_sofle_rev1_nghiango1/lib/lufa/LUFA/Drivers/USB/Core/AVR8/EndpointStream_AVR8.o (symbol from plugin)
                                                  .build/obj_sofle_rev1_nghiango1/lufa.o (symbol from plugin)
USB_DeviceState                                   .build/obj_sofle_rev1_nghiango1/lib/lufa/LUFA/Drivers/USB/Core/USBTask.o (symbol from plugin)
                                                  .build/obj_sofle_rev1_nghiango1/protocol/lufa/usb_util.o (symbol from plugin)
                                                  .build/obj_sofle_rev1_nghiango1/lib/lufa/LUFA/Drivers/USB/Core/DeviceStandardReq.o (symbol from plugin)
                                                  .build/obj_sofle_rev1_nghiango1/lib/lufa/LUFA/Drivers/USB/Core/AVR8/USBInterrupt_AVR8.o (symbol from plugin)
                                                  .build/obj_sofle_rev1_nghiango1/lib/lufa/LUFA/Drivers/USB/Core/AVR8/USBController_AVR8.o (symbol from plugin)
                                                  .build/obj_sofle_rev1_nghiango1/lib/lufa/LUFA/Drivers/USB/Core/AVR8/Endpoint_AVR8.o (symbol from plugin)
                                                  .build/obj_sofle_rev1_nghiango1/lib/lufa/LUFA/Drivers/USB/Core/AVR8/EndpointStream_AVR8.o (symbol from plugin)
                                                  .build/obj_sofle_rev1_nghiango1/lufa.o (symbol from plugin)
                                                  .build/obj_sofle_rev1_nghiango1/platforms/avr/suspend.o (symbol from plugin)
USB_Device_ConfigurationNumber                    .build/obj_sofle_rev1_nghiango1/lib/lufa/LUFA/Drivers/USB/Core/DeviceStandardReq.o (symbol from plugin)
                                                  .build/obj_sofle_rev1_nghiango1/lib/lufa/LUFA/Drivers/USB/Core/AVR8/USBInterrupt_AVR8.o (symbol from plugin)
                                                  .build/obj_sofle_rev1_nghiango1/lib/lufa/LUFA/Drivers/USB/Core/AVR8/USBController_AVR8.o (symbol from plugin)
                                                  .build/obj_sofle_rev1_nghiango1/lufa.o (symbol from plugin)
USB_Device_CurrentlySelfPowered                   .build/obj_sofle_rev1_nghiango1/lib/lufa/LUFA/Drivers/USB/Core/DeviceStandardReq.o (symbol from plugin)
                                                  .build/obj_sofle_rev1_nghiango1/lib/lufa/LUFA/Drivers/USB/Core/AVR8/USBController_AVR8.o (symbol from plugin)
USB_Device_ProcessControlRequest                  .build/obj_sofle_rev1_nghiango1/lib/lufa/LUFA/Drivers/USB/Core/DeviceStandardReq.o (symbol from plugin)
                                                  .build/obj_sofle_rev1_nghiango1/lib/lufa/LUFA/Drivers/USB/Core/USBTask.o (symbol from plugin)
                                                  .build/obj_sofle_rev1_nghiango1/lib/lufa/LUFA/Drivers/USB/Core/AVR8/USBInterrupt_AVR8.o (symbol from plugin)
USB_Device_RemoteWakeupEnabled                    .build/obj_sofle_rev1_nghiango1/lib/lufa/LUFA/Drivers/USB/Core/DeviceStandardReq.o (symbol from plugin)
                                                  .build/obj_sofle_rev1_nghiango1/lib/lufa/LUFA/Drivers/USB/Core/AVR8/USBController_AVR8.o (symbol from plugin)
                                                  .build/obj_sofle_rev1_nghiango1/lufa.o (symbol from plugin)
USB_Device_SendRemoteWakeup                       .build/obj_sofle_rev1_nghiango1/lib/lufa/LUFA/Drivers/USB/Core/AVR8/Device_AVR8.o (symbol from plugin)
                                                  .build/obj_sofle_rev1_nghiango1/lufa.o (symbol from plugin)
USB_Disable                                       .build/obj_sofle_rev1_nghiango1/lib/lufa/LUFA/Drivers/USB/Core/AVR8/USBController_AVR8.o (symbol from plugin)
                                                  .build/obj_sofle_rev1_nghiango1/protocol/lufa/usb_util.o (symbol from plugin)
                                                  .build/obj_sofle_rev1_nghiango1/lufa.o (symbol from plugin)
USB_Event_Stub                                    .build/obj_sofle_rev1_nghiango1/lib/lufa/LUFA/Drivers/USB/Core/Events.o (symbol from plugin)
USB_Event_Stub_2                                  .build/obj_sofle_rev1_nghiango1/lib/lufa/LUFA/Drivers/USB/Core/Events.o (symbol from plugin)
USB_Event_Stub_3                                  .build/obj_sofle_rev1_nghiango1/lib/lufa/LUFA/Drivers/USB/Core/Events.o (symbol from plugin)
USB_GetHIDReportItemInfo                          .build/obj_sofle_rev1_nghiango1/lib/lufa/LUFA/Drivers/USB/Class/Common/HIDParser.o (symbol from plugin)
USB_GetHIDReportSize                              .build/obj_sofle_rev1_nghiango1/lib/lufa/LUFA/Drivers/USB/Class/Common/HIDParser.o (symbol from plugin)
USB_GetNextDescriptorComp                         .build/obj_sofle_rev1_nghiango1/lib/lufa/LUFA/Drivers/USB/Core/ConfigDescriptors.o (symbol from plugin)
USB_GetNextDescriptorOfType                       .build/obj_sofle_rev1_nghiango1/lib/lufa/LUFA/Drivers/USB/Core/ConfigDescriptors.o (symbol from plugin)
USB_GetNextDescriptorOfTypeAfter                  .build/obj_sofle_rev1_nghiango1/lib/lufa/LUFA/Drivers/USB/Core/ConfigDescriptors.o (symbol from plugin)
USB_GetNextDescriptorOfTypeBefore                 .build/obj_sofle_rev1_nghiango1/lib/lufa/LUFA/Drivers/USB/Core/ConfigDescriptors.o (symbol from plugin)
USB_INT_ClearAllInterrupts                        .build/obj_sofle_rev1_nghiango1/lib/lufa/LUFA/Drivers/USB/Core/AVR8/USBInterrupt_AVR8.o (symbol from plugin)
                                                  .build/obj_sofle_rev1_nghiango1/lib/lufa/LUFA/Drivers/USB/Core/AVR8/USBController_AVR8.o (symbol from plugin)
USB_INT_DisableAllInterrupts                      .build/obj_sofle_rev1_nghiango1/lib/lufa/LUFA/Drivers/USB/Core/AVR8/USBInterrupt_AVR8.o (symbol from plugin)
                                                  .build/obj_sofle_rev1_nghiango1/lib/lufa/LUFA/Drivers/USB/Core/AVR8/USBController_AVR8.o (symbol from plugin)
USB_Init                                          .build/obj_sofle_rev1_nghiango1/lib/lufa/LUFA/Drivers/USB/Core/AVR8/USBController_AVR8.o (symbol from plugin)
                                                  .build/obj_sofle_rev1_nghiango1/lufa.o (symbol from plugin)
USB_IsInitialized                                 .build/obj_sofle_rev1_nghiango1/lib/lufa/LUFA/Drivers/USB/Core/USBTask.o (symbol from plugin)
                                                  .build/obj_sofle_rev1_nghiango1/lib/lufa/LUFA/Drivers/USB/Core/AVR8/USBController_AVR8.o (symbol from plugin)
                                                  .build/obj_sofle_rev1_nghiango1/lufa.o (symbol from plugin)
USB_ProcessHIDReport                              .build/obj_sofle_rev1_nghiango1/lib/lufa/LUFA/Drivers/USB/Class/Common/HIDParser.o (symbol from plugin)
USB_ResetInterface                                .build/obj_sofle_rev1_nghiango1/lib/lufa/LUFA/Drivers/USB/Core/AVR8/USBController_AVR8.o (symbol from plugin)
USB_SetHIDReportItemInfo                          .build/obj_sofle_rev1_nghiango1/lib/lufa/LUFA/Drivers/USB/Class/Common/HIDParser.o (symbol from plugin)
USB_USBTask                                       .build/obj_sofle_rev1_nghiango1/lib/lufa/LUFA/Drivers/USB/Core/USBTask.o (symbol from plugin)
                                                  .build/obj_sofle_rev1_nghiango1/lufa.o (symbol from plugin)
__FUSE_REGION_LENGTH__                            /nix/store/8sb66a4vaf094pmp0fd94h9hvcfljzs3-avr-libc-avr-2.1.0/avr/lib/avr5/crtatmega32u4.o
__bad_interrupt                                   /nix/store/8sb66a4vaf094pmp0fd94h9hvcfljzs3-avr-libc-avr-2.1.0/avr/lib/avr5/crtatmega32u4.o
__bss_end                                         /nix/store/sb9f7jzs484gsvkq3dfjsw9wfb5lvkxk-avr-gcc-8.5.0/lib/gcc/avr/8.5.0/avr5/libgcc.a(_clear_bss.o)
__bss_start                                       /nix/store/sb9f7jzs484gsvkq3dfjsw9wfb5lvkxk-avr-gcc-8.5.0/lib/gcc/avr/8.5.0/avr5/libgcc.a(_clear_bss.o)
__bswapsi2                                        /nix/store/sb9f7jzs484gsvkq3dfjsw9wfb5lvkxk-avr-gcc-8.5.0/lib/gcc/avr/8.5.0/avr5/libgcc.a(_bswapsi2.o)
                                                  /run/user/1000/ccfGnbO9.ltrans0.ltrans.o
__data_end                                        /nix/store/sb9f7jzs484gsvkq3dfjsw9wfb5lvkxk-avr-gcc-8.5.0/lib/gcc/avr/8.5.0/avr5/libgcc.a(_copy_data.o)
__data_load_start                                 /nix/store/sb9f7jzs484gsvkq3dfjsw9wfb5lvkxk-avr-gcc-8.5.0/lib/gcc/avr/8.5.0/avr5/libgcc.a(_copy_data.o)
__data_start                                      /nix/store/sb9f7jzs484gsvkq3dfjsw9wfb5lvkxk-avr-gcc-8.5.0/lib/gcc/avr/8.5.0/avr5/libgcc.a(_copy_data.o)
__divmodhi4                                       /nix/store/sb9f7jzs484gsvkq3dfjsw9wfb5lvkxk-avr-gcc-8.5.0/lib/gcc/avr/8.5.0/avr5/libgcc.a(_divmodhi4.o)
                                                  /run/user/1000/ccfGnbO9.ltrans0.ltrans.o
__do_clear_bss                                    /nix/store/sb9f7jzs484gsvkq3dfjsw9wfb5lvkxk-avr-gcc-8.5.0/lib/gcc/avr/8.5.0/avr5/libgcc.a(_clear_bss.o)
                                                  /run/user/1000/ccfGnbO9.ltrans0.ltrans.o
__do_copy_data                                    /nix/store/sb9f7jzs484gsvkq3dfjsw9wfb5lvkxk-avr-gcc-8.5.0/lib/gcc/avr/8.5.0/avr5/libgcc.a(_copy_data.o)
                                                  /run/user/1000/ccfGnbO9.ltrans0.ltrans.o
__epilogue_restores__                             /nix/store/sb9f7jzs484gsvkq3dfjsw9wfb5lvkxk-avr-gcc-8.5.0/lib/gcc/avr/8.5.0/avr5/libgcc.a(_epilogue.o)
                                                  /run/user/1000/ccfGnbO9.ltrans0.ltrans.o
                                                  .build/obj_sofle_rev1_nghiango1/serial.a(serial.o)
                                                  .build/obj_sofle_rev1_nghiango1/i2c_master.a(i2c_master.o)
__heap_end                                        /nix/store/8sb66a4vaf094pmp0fd94h9hvcfljzs3-avr-libc-avr-2.1.0/avr/lib/avr5/crtatmega32u4.o
__init                                            /nix/store/8sb66a4vaf094pmp0fd94h9hvcfljzs3-avr-libc-avr-2.1.0/avr/lib/avr5/crtatmega32u4.o
__prologue_saves__                                /nix/store/sb9f7jzs484gsvkq3dfjsw9wfb5lvkxk-avr-gcc-8.5.0/lib/gcc/avr/8.5.0/avr5/libgcc.a(_prologue.o)
                                                  /run/user/1000/ccfGnbO9.ltrans0.ltrans.o
                                                  .build/obj_sofle_rev1_nghiango1/serial.a(serial.o)
                                                  .build/obj_sofle_rev1_nghiango1/i2c_master.a(i2c_master.o)
__stack                                           /nix/store/8sb66a4vaf094pmp0fd94h9hvcfljzs3-avr-libc-avr-2.1.0/avr/lib/avr5/crtatmega32u4.o
__tablejump2__                                    /nix/store/sb9f7jzs484gsvkq3dfjsw9wfb5lvkxk-avr-gcc-8.5.0/lib/gcc/avr/8.5.0/avr5/libgcc.a(_tablejump2.o)
                                                  /run/user/1000/ccfGnbO9.ltrans0.ltrans.o
__udivmodhi4                                      /nix/store/sb9f7jzs484gsvkq3dfjsw9wfb5lvkxk-avr-gcc-8.5.0/lib/gcc/avr/8.5.0/avr5/libgcc.a(_udivmodhi4.o)
                                                  /nix/store/sb9f7jzs484gsvkq3dfjsw9wfb5lvkxk-avr-gcc-8.5.0/lib/gcc/avr/8.5.0/avr5/libgcc.a(_divmodhi4.o)
                                                  /run/user/1000/ccfGnbO9.ltrans0.ltrans.o
                                                  .build/obj_sofle_rev1_nghiango1/i2c_master.a(i2c_master.o)
__udivmodqi4                                      /nix/store/sb9f7jzs484gsvkq3dfjsw9wfb5lvkxk-avr-gcc-8.5.0/lib/gcc/avr/8.5.0/avr5/libgcc.a(_udivmodqi4.o)
                                                  /run/user/1000/ccfGnbO9.ltrans0.ltrans.o
__vector_1                                        /nix/store/8sb66a4vaf094pmp0fd94h9hvcfljzs3-avr-libc-avr-2.1.0/avr/lib/avr5/crtatmega32u4.o
__vector_10                                       /run/user/1000/ccfGnbO9.ltrans0.ltrans.o
                                                  .build/obj_sofle_rev1_nghiango1/lib/lufa/LUFA/Drivers/USB/Core/AVR8/USBInterrupt_AVR8.o (symbol from plugin)
                                                  /nix/store/8sb66a4vaf094pmp0fd94h9hvcfljzs3-avr-libc-avr-2.1.0/avr/lib/avr5/crtatmega32u4.o
__vector_11                                       /run/user/1000/ccfGnbO9.ltrans0.ltrans.o
                                                  .build/obj_sofle_rev1_nghiango1/lib/lufa/LUFA/Drivers/USB/Core/AVR8/USBInterrupt_AVR8.o (symbol from plugin)
                                                  /nix/store/8sb66a4vaf094pmp0fd94h9hvcfljzs3-avr-libc-avr-2.1.0/avr/lib/avr5/crtatmega32u4.o
__vector_12                                       /run/user/1000/ccfGnbO9.ltrans0.ltrans.o
                                                  .build/obj_sofle_rev1_nghiango1/platforms/avr/suspend.o (symbol from plugin)
                                                  /nix/store/8sb66a4vaf094pmp0fd94h9hvcfljzs3-avr-libc-avr-2.1.0/avr/lib/avr5/crtatmega32u4.o
__vector_13                                       /nix/store/8sb66a4vaf094pmp0fd94h9hvcfljzs3-avr-libc-avr-2.1.0/avr/lib/avr5/crtatmega32u4.o
__vector_14                                       /nix/store/8sb66a4vaf094pmp0fd94h9hvcfljzs3-avr-libc-avr-2.1.0/avr/lib/avr5/crtatmega32u4.o
__vector_15                                       /nix/store/8sb66a4vaf094pmp0fd94h9hvcfljzs3-avr-libc-avr-2.1.0/avr/lib/avr5/crtatmega32u4.o
__vector_16                                       /nix/store/8sb66a4vaf094pmp0fd94h9hvcfljzs3-avr-libc-avr-2.1.0/avr/lib/avr5/crtatmega32u4.o
__vector_17                                       /nix/store/8sb66a4vaf094pmp0fd94h9hvcfljzs3-avr-libc-avr-2.1.0/avr/lib/avr5/crtatmega32u4.o
__vector_18                                       /nix/store/8sb66a4vaf094pmp0fd94h9hvcfljzs3-avr-libc-avr-2.1.0/avr/lib/avr5/crtatmega32u4.o
__vector_19                                       /nix/store/8sb66a4vaf094pmp0fd94h9hvcfljzs3-avr-libc-avr-2.1.0/avr/lib/avr5/crtatmega32u4.o
__vector_2                                        /nix/store/8sb66a4vaf094pmp0fd94h9hvcfljzs3-avr-libc-avr-2.1.0/avr/lib/avr5/crtatmega32u4.o
__vector_20                                       /nix/store/8sb66a4vaf094pmp0fd94h9hvcfljzs3-avr-libc-avr-2.1.0/avr/lib/avr5/crtatmega32u4.o
__vector_21                                       /run/user/1000/ccfGnbO9.ltrans0.ltrans.o
                                                  .build/obj_sofle_rev1_nghiango1/platforms/avr/timer.o (symbol from plugin)
                                                  /nix/store/8sb66a4vaf094pmp0fd94h9hvcfljzs3-avr-libc-avr-2.1.0/avr/lib/avr5/crtatmega32u4.o
__vector_22                                       /nix/store/8sb66a4vaf094pmp0fd94h9hvcfljzs3-avr-libc-avr-2.1.0/avr/lib/avr5/crtatmega32u4.o
__vector_23                                       /nix/store/8sb66a4vaf094pmp0fd94h9hvcfljzs3-avr-libc-avr-2.1.0/avr/lib/avr5/crtatmega32u4.o
__vector_24                                       /nix/store/8sb66a4vaf094pmp0fd94h9hvcfljzs3-avr-libc-avr-2.1.0/avr/lib/avr5/crtatmega32u4.o
__vector_25                                       /nix/store/8sb66a4vaf094pmp0fd94h9hvcfljzs3-avr-libc-avr-2.1.0/avr/lib/avr5/crtatmega32u4.o
__vector_26                                       /nix/store/8sb66a4vaf094pmp0fd94h9hvcfljzs3-avr-libc-avr-2.1.0/avr/lib/avr5/crtatmega32u4.o
__vector_27                                       /nix/store/8sb66a4vaf094pmp0fd94h9hvcfljzs3-avr-libc-avr-2.1.0/avr/lib/avr5/crtatmega32u4.o
__vector_28                                       /nix/store/8sb66a4vaf094pmp0fd94h9hvcfljzs3-avr-libc-avr-2.1.0/avr/lib/avr5/crtatmega32u4.o
__vector_29                                       /nix/store/8sb66a4vaf094pmp0fd94h9hvcfljzs3-avr-libc-avr-2.1.0/avr/lib/avr5/crtatmega32u4.o
__vector_3                                        .build/obj_sofle_rev1_nghiango1/serial.a(serial.o)
                                                  /nix/store/8sb66a4vaf094pmp0fd94h9hvcfljzs3-avr-libc-avr-2.1.0/avr/lib/avr5/crtatmega32u4.o
__vector_30                                       /nix/store/8sb66a4vaf094pmp0fd94h9hvcfljzs3-avr-libc-avr-2.1.0/avr/lib/avr5/crtatmega32u4.o
__vector_31                                       /nix/store/8sb66a4vaf094pmp0fd94h9hvcfljzs3-avr-libc-avr-2.1.0/avr/lib/avr5/crtatmega32u4.o
__vector_32                                       /nix/store/8sb66a4vaf094pmp0fd94h9hvcfljzs3-avr-libc-avr-2.1.0/avr/lib/avr5/crtatmega32u4.o
__vector_33                                       /nix/store/8sb66a4vaf094pmp0fd94h9hvcfljzs3-avr-libc-avr-2.1.0/avr/lib/avr5/crtatmega32u4.o
__vector_34                                       /nix/store/8sb66a4vaf094pmp0fd94h9hvcfljzs3-avr-libc-avr-2.1.0/avr/lib/avr5/crtatmega32u4.o
__vector_35                                       /nix/store/8sb66a4vaf094pmp0fd94h9hvcfljzs3-avr-libc-avr-2.1.0/avr/lib/avr5/crtatmega32u4.o
__vector_36                                       /nix/store/8sb66a4vaf094pmp0fd94h9hvcfljzs3-avr-libc-avr-2.1.0/avr/lib/avr5/crtatmega32u4.o
__vector_37                                       /nix/store/8sb66a4vaf094pmp0fd94h9hvcfljzs3-avr-libc-avr-2.1.0/avr/lib/avr5/crtatmega32u4.o
__vector_38                                       /nix/store/8sb66a4vaf094pmp0fd94h9hvcfljzs3-avr-libc-avr-2.1.0/avr/lib/avr5/crtatmega32u4.o
__vector_39                                       /nix/store/8sb66a4vaf094pmp0fd94h9hvcfljzs3-avr-libc-avr-2.1.0/avr/lib/avr5/crtatmega32u4.o
__vector_4                                        /nix/store/8sb66a4vaf094pmp0fd94h9hvcfljzs3-avr-libc-avr-2.1.0/avr/lib/avr5/crtatmega32u4.o
__vector_40                                       /nix/store/8sb66a4vaf094pmp0fd94h9hvcfljzs3-avr-libc-avr-2.1.0/avr/lib/avr5/crtatmega32u4.o
__vector_41                                       /nix/store/8sb66a4vaf094pmp0fd94h9hvcfljzs3-avr-libc-avr-2.1.0/avr/lib/avr5/crtatmega32u4.o
__vector_42                                       /nix/store/8sb66a4vaf094pmp0fd94h9hvcfljzs3-avr-libc-avr-2.1.0/avr/lib/avr5/crtatmega32u4.o
__vector_5                                        /nix/store/8sb66a4vaf094pmp0fd94h9hvcfljzs3-avr-libc-avr-2.1.0/avr/lib/avr5/crtatmega32u4.o
__vector_6                                        /nix/store/8sb66a4vaf094pmp0fd94h9hvcfljzs3-avr-libc-avr-2.1.0/avr/lib/avr5/crtatmega32u4.o
__vector_7                                        /nix/store/8sb66a4vaf094pmp0fd94h9hvcfljzs3-avr-libc-avr-2.1.0/avr/lib/avr5/crtatmega32u4.o
__vector_8                                        /nix/store/8sb66a4vaf094pmp0fd94h9hvcfljzs3-avr-libc-avr-2.1.0/avr/lib/avr5/crtatmega32u4.o
__vector_9                                        /nix/store/8sb66a4vaf094pmp0fd94h9hvcfljzs3-avr-libc-avr-2.1.0/avr/lib/avr5/crtatmega32u4.o
__vector_default                                  /nix/store/8sb66a4vaf094pmp0fd94h9hvcfljzs3-avr-libc-avr-2.1.0/avr/lib/avr5/crtatmega32u4.o
__vectors                                         /nix/store/8sb66a4vaf094pmp0fd94h9hvcfljzs3-avr-libc-avr-2.1.0/avr/lib/avr5/crtatmega32u4.o
__xprintf                                         .build/obj_sofle_rev1_nghiango1/platforms/avr/xprintf.o
_div                                              /nix/store/sb9f7jzs484gsvkq3dfjsw9wfb5lvkxk-avr-gcc-8.5.0/lib/gcc/avr/8.5.0/avr5/libgcc.a(_divmodhi4.o)